Archive member included to satisfy reference by file (symbol)

c:/program files/microchip/xc8/v2.32/avr/bin/../lib/gcc/avr/5.4.0/../../../../avr/lib/avrxmega3\libm.a(addsf3.o)
                              build/default/production/bme280.o (__subsf3)
c:/program files/microchip/xc8/v2.32/avr/bin/../lib/gcc/avr/5.4.0/../../../../avr/lib/avrxmega3\libm.a(addsf3x.o)
                              c:/program files/microchip/xc8/v2.32/avr/bin/../lib/gcc/avr/5.4.0/../../../../avr/lib/avrxmega3\libm.a(addsf3.o) (__addsf3x)
c:/program files/microchip/xc8/v2.32/avr/bin/../lib/gcc/avr/5.4.0/../../../../avr/lib/avrxmega3\libm.a(divsf3.o)
                              build/default/production/bme280.o (__divsf3)
c:/program files/microchip/xc8/v2.32/avr/bin/../lib/gcc/avr/5.4.0/../../../../avr/lib/avrxmega3\libm.a(divsf3x.o)
                              c:/program files/microchip/xc8/v2.32/avr/bin/../lib/gcc/avr/5.4.0/../../../../avr/lib/avrxmega3\libm.a(divsf3.o) (__divsf3x)
c:/program files/microchip/xc8/v2.32/avr/bin/../lib/gcc/avr/5.4.0/../../../../avr/lib/avrxmega3\libm.a(fixsfsi.o)
                              build/default/production/state.o (__fixsfsi)
c:/program files/microchip/xc8/v2.32/avr/bin/../lib/gcc/avr/5.4.0/../../../../avr/lib/avrxmega3\libm.a(fixunssfsi.o)
                              build/default/production/state.o (__fixunssfsi)
c:/program files/microchip/xc8/v2.32/avr/bin/../lib/gcc/avr/5.4.0/../../../../avr/lib/avrxmega3\libm.a(floatsisf.o)
                              build/default/production/bme280.o (__floatunsisf)
c:/program files/microchip/xc8/v2.32/avr/bin/../lib/gcc/avr/5.4.0/../../../../avr/lib/avrxmega3\libm.a(fp_inf.o)
                              c:/program files/microchip/xc8/v2.32/avr/bin/../lib/gcc/avr/5.4.0/../../../../avr/lib/avrxmega3\libm.a(addsf3x.o) (__fp_inf)
c:/program files/microchip/xc8/v2.32/avr/bin/../lib/gcc/avr/5.4.0/../../../../avr/lib/avrxmega3\libm.a(fp_nan.o)
                              c:/program files/microchip/xc8/v2.32/avr/bin/../lib/gcc/avr/5.4.0/../../../../avr/lib/avrxmega3\libm.a(addsf3x.o) (__fp_nan)
c:/program files/microchip/xc8/v2.32/avr/bin/../lib/gcc/avr/5.4.0/../../../../avr/lib/avrxmega3\libm.a(fp_pscA.o)
                              c:/program files/microchip/xc8/v2.32/avr/bin/../lib/gcc/avr/5.4.0/../../../../avr/lib/avrxmega3\libm.a(addsf3x.o) (__fp_pscA)
c:/program files/microchip/xc8/v2.32/avr/bin/../lib/gcc/avr/5.4.0/../../../../avr/lib/avrxmega3\libm.a(fp_pscB.o)
                              c:/program files/microchip/xc8/v2.32/avr/bin/../lib/gcc/avr/5.4.0/../../../../avr/lib/avrxmega3\libm.a(addsf3x.o) (__fp_pscB)
c:/program files/microchip/xc8/v2.32/avr/bin/../lib/gcc/avr/5.4.0/../../../../avr/lib/avrxmega3\libm.a(fp_round.o)
                              c:/program files/microchip/xc8/v2.32/avr/bin/../lib/gcc/avr/5.4.0/../../../../avr/lib/avrxmega3\libm.a(addsf3.o) (__fp_round)
c:/program files/microchip/xc8/v2.32/avr/bin/../lib/gcc/avr/5.4.0/../../../../avr/lib/avrxmega3\libm.a(fp_split3.o)
                              c:/program files/microchip/xc8/v2.32/avr/bin/../lib/gcc/avr/5.4.0/../../../../avr/lib/avrxmega3\libm.a(addsf3x.o) (__fp_split3)
c:/program files/microchip/xc8/v2.32/avr/bin/../lib/gcc/avr/5.4.0/../../../../avr/lib/avrxmega3\libm.a(fp_zero.o)
                              c:/program files/microchip/xc8/v2.32/avr/bin/../lib/gcc/avr/5.4.0/../../../../avr/lib/avrxmega3\libm.a(addsf3x.o) (__fp_zero)
c:/program files/microchip/xc8/v2.32/avr/bin/../lib/gcc/avr/5.4.0/../../../../avr/lib/avrxmega3\libm.a(mulsf3.o)
                              build/default/production/bme280.o (__mulsf3)
c:/program files/microchip/xc8/v2.32/avr/bin/../lib/gcc/avr/5.4.0/../../../../avr/lib/avrxmega3\libm.a(mulsf3x.o)
                              c:/program files/microchip/xc8/v2.32/avr/bin/../lib/gcc/avr/5.4.0/../../../../avr/lib/avrxmega3\libm.a(mulsf3.o) (__mulsf3x)
c:/program files/microchip/xc8/v2.32/avr/bin/../lib/gcc/avr/5.4.0/../../../../avr/lib/avrxmega3\libm.a(pow.o)
                              build/default/production/bme280.o (pow)
c:/program files/microchip/xc8/v2.32/avr/bin/../lib/gcc/avr/5.4.0/../../../../avr/lib/avrxmega3\libm.a(exp.o)
                              c:/program files/microchip/xc8/v2.32/avr/bin/../lib/gcc/avr/5.4.0/../../../../avr/lib/avrxmega3\libm.a(pow.o) (exp)
c:/program files/microchip/xc8/v2.32/avr/bin/../lib/gcc/avr/5.4.0/../../../../avr/lib/avrxmega3\libm.a(fp_powser.o)
                              c:/program files/microchip/xc8/v2.32/avr/bin/../lib/gcc/avr/5.4.0/../../../../avr/lib/avrxmega3\libm.a(exp.o) (__fp_powser)
c:/program files/microchip/xc8/v2.32/avr/bin/../lib/gcc/avr/5.4.0/../../../../avr/lib/avrxmega3\libm.a(inverse.o)
                              c:/program files/microchip/xc8/v2.32/avr/bin/../lib/gcc/avr/5.4.0/../../../../avr/lib/avrxmega3\libm.a(exp.o) (inverse)
c:/program files/microchip/xc8/v2.32/avr/bin/../lib/gcc/avr/5.4.0/../../../../avr/lib/avrxmega3\libm.a(ldexp.o)
[...]
Memory Configuration

Name             Origin             Length             Attributes
text             0x0000000000000000 0x0000000000004000 xr
data             0x0000000000803800 0x0000000000000800 rw !x
eeprom           0x0000000000810000 0x0000000000000100 rw !x
fuse             0x0000000000820000 0x000000000000000a rw !x
lock             0x0000000000830000 0x0000000000000400 rw !x
signature        0x0000000000840000 0x0000000000000400 rw !x
user_signatures  0x0000000000850000 0x0000000000000400 rw !x
*default*        0x0000000000000000 0xffffffffffffffff

Linker script and memory map

Address of section .data set to 0x803800
                0x0000000000008000                __RODATA_PM_OFFSET__ = 0x8000
LOAD C:/Users/C70348/.mchp_packs/Microchip/ATtiny_DFP/3.0.151/xc8/avr/lib/avrxmega3/crtattiny1627.o
                0x0000000000000001                __MPLAB_BUILD = 0x1
LOAD build/default/production/mcc_generated_files/adc/src/adc0.o
LOAD build/default/production/mcc_generated_files/system/src/clock.o
LOAD build/default/production/mcc_generated_files/system/src/config_bits.o
LOAD build/default/production/mcc_generated_files/system/src/interrupt.o
LOAD build/default/production/mcc_generated_files/system/src/system.o
LOAD build/default/production/mcc_generated_files/system/src/protected_io.o
LOAD build/default/production/mcc_generated_files/system/src/pins.o
LOAD build/default/production/mcc_generated_files/uart/src/usart0.o
LOAD build/default/production/mcc_generated_files/uart/src/usart1.o
LOAD build/default/production/mcc_generated_files/vref/src/vref.o
LOAD build/default/production/main.o
LOAD build/default/production/TWI.o
LOAD build/default/production/bme280.o
LOAD build/default/production/state.o
LOAD build/default/production/lr2.o
LOAD build/default/production/LR2_ringBuffer.o
LOAD build/default/production/TERM_ringBuffer.o
START GROUP
LOAD c:/program files/microchip/xc8/v2.32/avr/bin/../lib/gcc/avr/5.4.0/../../../../avr/lib/avrxmega3\libm.a
END GROUP
START GROUP
LOAD c:/program files/microchip/xc8/v2.32/avr/bin/../lib/gcc/avr/5.4.0/avrxmega3\libgcc.a
LOAD c:/program files/microchip/xc8/v2.32/avr/bin/../lib/gcc/avr/5.4.0/../../../../avr/lib/avrxmega3\libm.a
LOAD c:/program files/microchip/xc8/v2.32/avr/bin/../lib/gcc/avr/5.4.0/../../../../avr/lib/avrxmega3\libc.a
LOAD C:/Users/C70348/.mchp_packs/Microchip/ATtiny_DFP/3.0.151/xc8/avr/lib/avrxmega3\libattiny1627.a
END GROUP
                [0x0000000000000000]                __TEXT_REGION_ORIGIN__ = DEFINED (__TEXT_REGION_ORIGIN__)?__TEXT_REGION_ORIGIN__:0x0
                [0x0000000000803800]                __DATA_REGION_ORIGIN__ = DEFINED (__DATA_REGION_ORIGIN__)?__DATA_REGION_ORIGIN__:0x802000
                [0x0000000000004000]                __TEXT_REGION_LENGTH__ = DEFINED (__TEXT_REGION_LENGTH__)?__TEXT_REGION_LENGTH__:0x100000
                [0x0000000000000800]                __DATA_REGION_LENGTH__ = DEFINED (__DATA_REGION_LENGTH__)?__DATA_REGION_LENGTH__:0xffa0
                [0x0000000000000100]                __EEPROM_REGION_LENGTH__ = DEFINED (__EEPROM_REGION_LENGTH__)?__EEPROM_REGION_LENGTH__:0x10000
                [0x000000000000000a]                __FUSE_REGION_LENGTH__ = DEFINED (__FUSE_REGION_LENGTH__)?__FUSE_REGION_LENGTH__:0x400
                0x0000000000000400                __LOCK_REGION_LENGTH__ = DEFINED (__LOCK_REGION_LENGTH__)?__LOCK_REGION_LENGTH__:0x400
                0x0000000000000400                __SIGNATURE_REGION_LENGTH__ = DEFINED (__SIGNATURE_REGION_LENGTH__)?__SIGNATURE_REGION_LENGTH__:0x400
                0x0000000000000400                __USER_SIGNATURE_REGION_LENGTH__ = DEFINED (__USER_SIGNATURE_REGION_LENGTH__)?__USER_SIGNATURE_REGION_LENGTH__:0x400
                0x0000000000008000                __RODATA_PM_OFFSET__ = DEFINED (__RODATA_PM_OFFSET__)?__RODATA_PM_OFFSET__:0x8000

.hash
 *(.hash)

.dynsym
 *(.dynsym)

.dynstr
 *(.dynstr)

.gnu.version
 *(.gnu.version)

.gnu.version_d
 *(.gnu.version_d)

.gnu.version_r
 *(.gnu.version_r)

.rel.init
 *(.rel.init)

.rela.init
 *(.rela.init)

.rel.text
 *(.rel.text)
 *(.rel.text.*)
 *(.rel.gnu.linkonce.t*)

.rela.text
 *(.rela.text)
 *(.rela.text.*)
 *(.rela.gnu.linkonce.t*)

.rel.fini
 *(.rel.fini)

.rela.fini
 *(.rela.fini)

.rel.rodata
 *(.rel.rodata)
 *(.rel.rodata.*)
 *(.rel.gnu.linkonce.r*)

.rela.rodata
 *(.rela.rodata)
 *(.rela.rodata.*)
 *(.rela.gnu.linkonce.r*)

.rel.data
 *(.rel.data)
 *(.rel.data.*)
 *(.rel.gnu.linkonce.d*)

.rela.data
 *(.rela.data)
 *(.rela.data.*)
 *(.rela.gnu.linkonce.d*)

.rel.ctors
 *(.rel.ctors)

.rela.ctors
 *(.rela.ctors)

.rel.dtors
 *(.rel.dtors)

.rela.dtors
 *(.rela.dtors)

.rel.got
 *(.rel.got)

.rela.got
 *(.rela.got)

.rel.bss
 *(.rel.bss)

.rela.bss
 *(.rela.bss)

.rel.plt
 *(.rel.plt)

.rela.plt
 *(.rela.plt)

.text           0x0000000000000000      0x160
 *(.vectors)
 .vectors       0x0000000000000000       0x78 C:/Users/C70348/.mchp_packs/Microchip/ATtiny_DFP/3.0.151/xc8/avr/lib/avrxmega3/crtattiny1627.o
                0x0000000000000000                __vector_default
                0x0000000000000000                __vectors
 *(.vectors)
 *(.progmem.gcc*)
 .progmem.gcc_fplib
                0x0000000000000078       0x28 c:/program files/microchip/xc8/v2.32/avr/bin/../lib/gcc/avr/5.4.0/../../../../avr/lib/avrxmega3\libm.a(exp.o)
 .progmem.gcc_fplib
                0x00000000000000a0       0x5a c:/program files/microchip/xc8/v2.32/avr/bin/../lib/gcc/avr/5.4.0/../../../../avr/lib/avrxmega3\libm.a(log.o)
 *(.dinit)
 .dinit         0x00000000000000fa       0x11 data_init
                0x000000000000010c                . = ALIGN (0x2)
 *fill*         0x000000000000010b        0x1 
                0x000000000000010c                __trampolines_start = .
 *(.trampolines)
 .trampolines   0x000000000000010c        0x0 linker stubs
 *(.trampolines*)
                0x000000000000010c                __trampolines_end = .
 *libprintf_flt.a:*(.progmem.data)
 *libc.a:*(.progmem.data)
                0x000000000000010c                . = ALIGN (0x2)
 *(.jumptables)
 *(.jumptables*)
 *(.lowtext)
 *(.lowtext*)
                0x000000000000010c                __ctors_start = .
 *(.ctors)
                0x000000000000010c                __ctors_end = .
                0x000000000000010c                __dtors_start = .
 *(.dtors)
                0x000000000000010c                __dtors_end = .
 SORT(*)(.ctors)
 SORT(*)(.dtors)
 *(.init0)
 .init0         0x000000000000010c        0x0 C:/Users/C70348/.mchp_packs/Microchip/ATtiny_DFP/3.0.151/xc8/avr/lib/avrxmega3/crtattiny1627.o
                0x000000000000010c                __init
 *(.init0)
 *(.init1)
 *(.init1)
 *(.init2)
 .init2         0x000000000000010c        0xc C:/Users/C70348/.mchp_packs/Microchip/ATtiny_DFP/3.0.151/xc8/avr/lib/avrxmega3/crtattiny1627.o
 *(.init2)
 *(.init3)
 *(.init3)
 *(.init4)
 .init4         0x0000000000000118       0x3c c:/program files/microchip/xc8/v2.32/avr/bin/../lib/gcc/avr/5.4.0/avrxmega3\libgcc.a(_copy_data.o)
                0x0000000000000118                __do_copy_data
                0x0000000000000146                __do_clear_bss
 *(.init4)
 *(.init5)
 *(.init5)
 *(.init6)
 *(.init6)
 *(.init7)
 *(.init7)
 *(.init8)
 *(.init8)
 *(.init9)
 .init9         0x0000000000000154        0x8 C:/Users/C70348/.mchp_packs/Microchip/ATtiny_DFP/3.0.151/xc8/avr/lib/avrxmega3/crtattiny1627.o
 *(.init9)
                0x000000000000015c                . = ALIGN (0x2)
 *(.fini9)
 .fini9         0x000000000000015c        0x0 c:/program files/microchip/xc8/v2.32/avr/bin/../lib/gcc/avr/5.4.0/avrxmega3\libgcc.a(_exit.o)
                0x000000000000015c                _exit
                0x000000000000015c                exit
 *(.fini9)
 *(.fini8)
 *(.fini8)
 *(.fini7)
 *(.fini7)
 *(.fini6)
 *(.fini6)
 *(.fini5)
 *(.fini5)
 *(.fini4)
 *(.fini4)
 *(.fini3)
 *(.fini3)
 *(.fini2)
 *(.fini2)
 *(.fini1)
 *(.fini1)
 *(.fini0)
 .fini0         0x000000000000015c        0x4 c:/program files/microchip/xc8/v2.32/avr/bin/../lib/gcc/avr/5.4.0/avrxmega3\libgcc.a(_exit.o)
 *(.fini0)
                0x0000000000000160                _etext = .

.data           0x0000000000803800        0x0 load address 0x0000000000000160
                [!provide]                        PROVIDE (__data_start, .)
 *(.gnu.linkonce.d*)
                0x0000000000803800                . = ALIGN (0x2)
                0x0000000000803800                _edata = .
                [!provide]                        PROVIDE (__data_end, .)

.bss            0x0000000000803800       0xb1
                [!provide]                        PROVIDE (__bss_start, .)
 *(COMMON)
 COMMON         0x0000000000803800        0x6 build/default/production/mcc_generated_files/uart/src/usart0.o
                0x0000000000803800                USART0_OverrunErrorHandler
                0x0000000000803802                USART0_FramingErrorHandler
                0x0000000000803804                USART0_ParityErrorHandler
 COMMON         0x0000000000803806        0x6 build/default/production/mcc_generated_files/uart/src/usart1.o
                0x0000000000803806                USART1_FramingErrorHandler
                0x0000000000803808                USART1_OverrunErrorHandler
                0x000000000080380a                USART1_ParityErrorHandler
 COMMON         0x000000000080380c       0x8e build/default/production/main.o
                0x000000000080380c                adc_H
                0x0000000000803810                bme280_config
                0x0000000000803811                str_hum
                0x000000000080382f                str_temp
                0x000000000080384d                bme280_ctrl_hum
                0x000000000080384e                adc_P
                0x0000000000803852                adc_T
                0x0000000000803856                bme280_ctrl_meas
                0x0000000000803857                str_press
                0x0000000000803875                t_fine
                0x0000000000803879                calibParam
 COMMON         0x000000000080389a       0x11 build/default/production/state.o
                0x000000000080389a                payload
 COMMON         0x00000000008038ab        0x6 c:/program files/microchip/xc8/v2.32/avr/bin/../lib/gcc/avr/5.4.0/../../../../avr/lib/avrxmega3\libc.a(iob.o)
                0x00000000008038ab                __iob
                [!provide]                        PROVIDE (__bss_end, .)
                0x0000000000000160                __data_load_start = LOADADDR (.data)
                0x0000000000000160                __data_load_end = (__data_load_start + SIZEOF (.data))

.noinit         0x00000000008038b1        0x0
                [!provide]                        PROVIDE (__noinit_start, .)
 *(.noinit*)
                [!provide]                        PROVIDE (__noinit_end, .)
                0x00000000008038b1                _end = .

.eeprom         0x0000000000810000        0x0
 *(.eeprom*)
                0x0000000000810000                __eeprom_end = .

.fuse           0x0000000000820000        0x9
 *(.fuse)
 .fuse          0x0000000000820000        0x9 build/default/production/mcc_generated_files/system/src/config_bits.o
                0x0000000000820000                __fuse
 *(.lfuse)
 *(.hfuse)
 *(.efuse)

.lock
 *(.lock*)

.signature
 *(.signature*)

.user_signatures
 *(.user_signatures*)

.stab
 *(.stab)

.stabstr
 *(.stabstr)

.stab.excl
 *(.stab.excl)

.stab.exclstr
 *(.stab.exclstr)

.stab.index
 *(.stab.index)

.stab.indexstr
 *(.stab.indexstr)

.comment        0x0000000000000000       0x5b
 *(.comment)
 .comment       0x0000000000000000       0x2f build/default/production/mcc_generated_files/adc/src/adc0.o
                                         0x30 (size before relaxing)
 .comment       0x000000000000002f       0x30 build/default/production/mcc_generated_files/system/src/clock.o
 .comment       0x000000000000002f       0x30 build/default/production/mcc_generated_files/system/src/config_bits.o
 .comment       0x000000000000002f       0x30 build/default/production/mcc_generated_files/system/src/interrupt.o
 .comment       0x000000000000002f       0x30 build/default/production/mcc_generated_files/system/src/system.o
 .comment       0x000000000000002f       0x30 build/default/production/mcc_generated_files/system/src/pins.o
 .comment       0x000000000000002f       0x30 build/default/production/mcc_generated_files/uart/src/usart0.o
 .comment       0x000000000000002f       0x30 build/default/production/mcc_generated_files/uart/src/usart1.o
 .comment       0x000000000000002f       0x30 build/default/production/mcc_generated_files/vref/src/vref.o
 .comment       0x000000000000002f       0x30 build/default/production/main.o
 .comment       0x000000000000002f       0x30 build/default/production/TWI.o
 .comment       0x000000000000002f       0x30 build/default/production/bme280.o
 .comment       0x000000000000002f       0x30 build/default/production/state.o
 .comment       0x000000000000002f       0x30 build/default/production/lr2.o
 .comment       0x000000000000002f       0x30 build/default/production/LR2_ringBuffer.o
 .comment       0x000000000000002f       0x30 build/default/production/TERM_ringBuffer.o
 .comment       0x000000000000002f       0x2c c:/program files/microchip/xc8/v2.32/avr/bin/../lib/gcc/avr/5.4.0/../../../../avr/lib/avrxmega3\libc.a(iob.o)
                                         0x2d (size before relaxing)
 .comment       0x000000000000005b       0x2d c:/program files/microchip/xc8/v2.32/avr/bin/../lib/gcc/avr/5.4.0/../../../../avr/lib/avrxmega3\libc.a(printf.o)
 .comment       0x000000000000005b       0x2d c:/program files/microchip/xc8/v2.32/avr/bin/../lib/gcc/avr/5.4.0/../../../../avr/lib/avrxmega3\libc.a(puts.o)
 .comment       0x000000000000005b       0x2d c:/program files/microchip/xc8/v2.32/avr/bin/../lib/gcc/avr/5.4.0/../../../../avr/lib/avrxmega3\libc.a(vfprintf_std.o)
 .comment       0x000000000000005b       0x2d c:/program files/microchip/xc8/v2.32/avr/bin/../lib/gcc/avr/5.4.0/../../../../avr/lib/avrxmega3\libc.a(fputc.o)

.stack.descriptors.hdr
                0x0000000000000000      0x214
 .stack.descriptors.hdr
                0x0000000000000000        0xe c:/program files/microchip/xc8/v2.32/avr/bin/../lib/gcc/avr/5.4.0/../../../../avr/lib/avrxmega3\libm.a(addsf3.o)
 .stack.descriptors.hdr
                0x000000000000000e        0xe c:/program files/microchip/xc8/v2.32/avr/bin/../lib/gcc/avr/5.4.0/../../../../avr/lib/avrxmega3\libm.a(addsf3x.o)
 .stack.descriptors.hdr
                0x000000000000001c        0xe c:/program files/microchip/xc8/v2.32/avr/bin/../lib/gcc/avr/5.4.0/../../../../avr/lib/avrxmega3\libm.a(divsf3.o)
 .stack.descriptors.hdr
                0x000000000000002a        0xe c:/program files/microchip/xc8/v2.32/avr/bin/../lib/gcc/avr/5.4.0/../../../../avr/lib/avrxmega3\libm.a(divsf3x.o)
 .stack.descriptors.hdr
                0x0000000000000038        0xe c:/program files/microchip/xc8/v2.32/avr/bin/../lib/gcc/avr/5.4.0/../../../../avr/lib/avrxmega3\libm.a(fixsfsi.o)
 .stack.descriptors.hdr
                0x0000000000000046        0xe c:/program files/microchip/xc8/v2.32/avr/bin/../lib/gcc/avr/5.4.0/../../../../avr/lib/avrxmega3\libm.a(fixunssfsi.o)
 .stack.descriptors.hdr
                0x0000000000000054        0xe c:/program files/microchip/xc8/v2.32/avr/bin/../lib/gcc/avr/5.4.0/../../../../avr/lib/avrxmega3\libm.a(floatsisf.o)
 .stack.descriptors.hdr
                0x0000000000000062        0xe c:/program files/microchip/xc8/v2.32/avr/bin/../lib/gcc/avr/5.4.0/../../../../avr/lib/avrxmega3\libm.a(fp_inf.o)
 .stack.descriptors.hdr
                0x0000000000000070        0xe c:/program files/microchip/xc8/v2.32/avr/bin/../lib/gcc/avr/5.4.0/../../../../avr/lib/avrxmega3\libm.a(fp_nan.o)
 .stack.descriptors.hdr
                0x000000000000007e        0xe c:/program files/microchip/xc8/v2.32/avr/bin/../lib/gcc/avr/5.4.0/../../../../avr/lib/avrxmega3\libm.a(fp_pscA.o)
 .stack.descriptors.hdr
                0x000000000000008c        0xe c:/program files/microchip/xc8/v2.32/avr/bin/../lib/gcc/avr/5.4.0/../../../../avr/lib/avrxmega3\libm.a(fp_pscB.o)
 .stack.descriptors.hdr
                0x000000000000009a        0xe c:/program files/microchip/xc8/v2.32/avr/bin/../lib/gcc/avr/5.4.0/../../../../avr/lib/avrxmega3\libm.a(fp_round.o)
 .stack.descriptors.hdr
                0x00000000000000a8        0xe c:/program files/microchip/xc8/v2.32/avr/bin/../lib/gcc/avr/5.4.0/../../../../avr/lib/avrxmega3\libm.a(fp_split3.o)
 .stack.descriptors.hdr
                0x00000000000000b6        0xe c:/program files/microchip/xc8/v2.32/avr/bin/../lib/gcc/avr/5.4.0/../../../../avr/lib/avrxmega3\libm.a(fp_zero.o)
 .stack.descriptors.hdr
                0x00000000000000c4        0xe c:/program files/microchip/xc8/v2.32/avr/bin/../lib/gcc/avr/5.4.0/../../../../avr/lib/avrxmega3\libm.a(mulsf3.o)
 .stack.descriptors.hdr
                0x00000000000000d2        0xe c:/program files/microchip/xc8/v2.32/avr/bin/../lib/gcc/avr/5.4.0/../../../../avr/lib/avrxmega3\libm.a(mulsf3x.o)
 .stack.descriptors.hdr
                0x00000000000000e0        0xe c:/program files/microchip/xc8/v2.32/avr/bin/../lib/gcc/avr/5.4.0/../../../../avr/lib/avrxmega3\libm.a(pow.o)
 .stack.descriptors.hdr
                0x00000000000000ee        0xe c:/program files/microchip/xc8/v2.32/avr/bin/../lib/gcc/avr/5.4.0/../../../../avr/lib/avrxmega3\libm.a(exp.o)
 .stack.descriptors.hdr
                0x00000000000000fc        0xe c:/program files/microchip/xc8/v2.32/avr/bin/../lib/gcc/avr/5.4.0/../../../../avr/lib/avrxmega3\libm.a(fp_powser.o)
 .stack.descriptors.hdr
                0x000000000000010a        0xe c:/program files/microchip/xc8/v2.32/avr/bin/../lib/gcc/avr/5.4.0/../../../../avr/lib/avrxmega3\libm.a(inverse.o)
 .stack.descriptors.hdr
                0x0000000000000118        0xe c:/program files/microchip/xc8/v2.32/avr/bin/../lib/gcc/avr/5.4.0/../../../../avr/lib/avrxmega3\libm.a(ldexp.o)
 .stack.descriptors.hdr
                0x0000000000000126        0xe c:/program files/microchip/xc8/v2.32/avr/bin/../lib/gcc/avr/5.4.0/../../../../avr/lib/avrxmega3\libm.a(log.o)
 .stack.descriptors.hdr
                0x0000000000000134        0xe c:/program files/microchip/xc8/v2.32/avr/bin/../lib/gcc/avr/5.4.0/../../../../avr/lib/avrxmega3\libm.a(modf.o)
 .stack.descriptors.hdr
                0x0000000000000142        0xe c:/program files/microchip/xc8/v2.32/avr/bin/../lib/gcc/avr/5.4.0/../../../../avr/lib/avrxmega3\libm.a(fp_mpack.o)
 .stack.descriptors.hdr
                0x0000000000000150        0xe c:/program files/microchip/xc8/v2.32/avr/bin/../lib/gcc/avr/5.4.0/avrxmega3\libgcc.a(_mulsi3.o)
 .stack.descriptors.hdr
                0x000000000000015e        0xe c:/program files/microchip/xc8/v2.32/avr/bin/../lib/gcc/avr/5.4.0/avrxmega3\libgcc.a(_udivmodsi4.o)
 .stack.descriptors.hdr
                0x000000000000016c        0xe c:/program files/microchip/xc8/v2.32/avr/bin/../lib/gcc/avr/5.4.0/avrxmega3\libgcc.a(_exit.o)
 .stack.descriptors.hdr
                0x000000000000017a        0xe c:/program files/microchip/xc8/v2.32/avr/bin/../lib/gcc/avr/5.4.0/avrxmega3\libgcc.a(_umulhisi3.o)
 .stack.descriptors.hdr
                0x0000000000000188        0xe c:/program files/microchip/xc8/v2.32/avr/bin/../lib/gcc/avr/5.4.0/avrxmega3\libgcc.a(_muluhisi3.o)
 .stack.descriptors.hdr
                0x0000000000000196        0xe c:/program files/microchip/xc8/v2.32/avr/bin/../lib/gcc/avr/5.4.0/avrxmega3\libgcc.a(_mulshisi3.o)
 .stack.descriptors.hdr
                0x00000000000001a4        0xe c:/program files/microchip/xc8/v2.32/avr/bin/../lib/gcc/avr/5.4.0/../../../../avr/lib/avrxmega3\libc.a(iob.o)
 .stack.descriptors.hdr
                0x00000000000001b2        0xe c:/program files/microchip/xc8/v2.32/avr/bin/../lib/gcc/avr/5.4.0/../../../../avr/lib/avrxmega3\libc.a(printf.o)
 .stack.descriptors.hdr
                0x00000000000001c0        0xe c:/program files/microchip/xc8/v2.32/avr/bin/../lib/gcc/avr/5.4.0/../../../../avr/lib/avrxmega3\libc.a(puts.o)
 .stack.descriptors.hdr
                0x00000000000001ce        0xe c:/program files/microchip/xc8/v2.32/avr/bin/../lib/gcc/avr/5.4.0/../../../../avr/lib/avrxmega3\libc.a(vfprintf_std.o)
 .stack.descriptors.hdr
                0x00000000000001dc        0xe c:/program files/microchip/xc8/v2.32/avr/bin/../lib/gcc/avr/5.4.0/../../../../avr/lib/avrxmega3\libc.a(strnlen_P.o)
 .stack.descriptors.hdr
                0x00000000000001ea        0xe c:/program files/microchip/xc8/v2.32/avr/bin/../lib/gcc/avr/5.4.0/../../../../avr/lib/avrxmega3\libc.a(strnlen.o)
 .stack.descriptors.hdr
                0x00000000000001f8        0xe c:/program files/microchip/xc8/v2.32/avr/bin/../lib/gcc/avr/5.4.0/../../../../avr/lib/avrxmega3\libc.a(fputc.o)
 .stack.descriptors.hdr
                0x0000000000000206        0xe c:/program files/microchip/xc8/v2.32/avr/bin/../lib/gcc/avr/5.4.0/../../../../avr/lib/avrxmega3\libc.a(ultoa_invert.o)

.note.gnu.build-id
 *(.note.gnu.build-id)

.debug
 *(.debug)

.line
 *(.line)

.debug_srcinfo
 *(.debug_srcinfo)

.debug_sfnames
 *(.debug_sfnames)

.debug_aranges  0x0000000000000000      0x6a0
 *(.debug_aranges)
 .debug_aranges
                0x0000000000000000       0xb8 build/default/production/mcc_generated_files/adc/src/adc0.o
 .debug_aranges
                0x00000000000000b8       0x20 build/default/production/mcc_generated_files/system/src/clock.o
 .debug_aranges
                0x00000000000000d8       0x18 build/default/production/mcc_generated_files/system/src/config_bits.o
 .debug_aranges
                0x00000000000000f0       0x20 build/default/production/mcc_generated_files/system/src/interrupt.o
 .debug_aranges
                0x0000000000000110       0x20 build/default/production/mcc_generated_files/system/src/system.o
 .debug_aranges
                0x0000000000000130       0x20 build/default/production/mcc_generated_files/system/src/protected_io.o
 .debug_aranges
                0x0000000000000150       0xb8 build/default/production/mcc_generated_files/system/src/pins.o
 .debug_aranges
                0x0000000000000208       0xc0 build/default/production/mcc_generated_files/uart/src/usart0.o
 .debug_aranges
                0x00000000000002c8       0xb8 build/default/production/mcc_generated_files/uart/src/usart1.o
 .debug_aranges
                0x0000000000000380       0x20 build/default/production/mcc_generated_files/vref/src/vref.o
 .debug_aranges
                0x00000000000003a0       0x40 build/default/production/main.o
 .debug_aranges
                0x00000000000003e0       0x70 build/default/production/TWI.o
 .debug_aranges
                0x0000000000000450       0x90 build/default/production/bme280.o
 .debug_aranges
                0x00000000000004e0       0xa0 build/default/production/state.o
 .debug_aranges
                0x0000000000000580       0x80 build/default/production/lr2.o
 .debug_aranges
                0x0000000000000600       0x40 build/default/production/LR2_ringBuffer.o
 .debug_aranges
                0x0000000000000640       0x60 build/default/production/TERM_ringBuffer.o

.debug_pubnames
 *(.debug_pubnames)

.debug_info     0x0000000000000000     0xcd03
 *(.debug_info .gnu.linkonce.wi.*)
 .debug_info    0x0000000000000000     0x1b97 C:/Users/C70348/.mchp_packs/Microchip/ATtiny_DFP/3.0.151/xc8/avr/lib/avrxmega3/crtattiny1627.o
 .debug_info    0x0000000000001b97      0xfa7 build/default/production/mcc_generated_files/adc/src/adc0.o
 .debug_info    0x0000000000002b3e      0x675 build/default/production/mcc_generated_files/system/src/clock.o
 .debug_info    0x00000000000031b3      0x813 build/default/production/mcc_generated_files/system/src/config_bits.o
 .debug_info    0x00000000000039c6      0x3db build/default/production/mcc_generated_files/system/src/interrupt.o
 .debug_info    0x0000000000003da1      0x32c build/default/production/mcc_generated_files/system/src/system.o
 .debug_info    0x00000000000040cd       0xa5 build/default/production/mcc_generated_files/system/src/protected_io.o
 .debug_info    0x0000000000004172      0xb72 build/default/production/mcc_generated_files/system/src/pins.o
 .debug_info    0x0000000000004ce4      0xed1 build/default/production/mcc_generated_files/uart/src/usart0.o
 .debug_info    0x0000000000005bb5      0xd18 build/default/production/mcc_generated_files/uart/src/usart1.o
 .debug_info    0x00000000000068cd      0x31b build/default/production/mcc_generated_files/vref/src/vref.o
 .debug_info    0x0000000000006be8     0x17f3 build/default/production/main.o
 .debug_info    0x00000000000083db      0xb33 build/default/production/TWI.o
 .debug_info    0x0000000000008f0e      0xce1 build/default/production/bme280.o
 .debug_info    0x0000000000009bef     0x1661 build/default/production/state.o
 .debug_info    0x000000000000b250      0xfe5 build/default/production/lr2.o
 .debug_info    0x000000000000c235      0x3cc build/default/production/LR2_ringBuffer.o
 .debug_info    0x000000000000c601      0x702 build/default/production/TERM_ringBuffer.o

.debug_abbrev   0x0000000000000000     0x31d9
 *(.debug_abbrev)
 .debug_abbrev  0x0000000000000000     0x1a20 C:/Users/C70348/.mchp_packs/Microchip/ATtiny_DFP/3.0.151/xc8/avr/lib/avrxmega3/crtattiny1627.o
 .debug_abbrev  0x0000000000001a20      0x21a build/default/production/mcc_generated_files/adc/src/adc0.o
 .debug_abbrev  0x0000000000001c3a      0x11d build/default/production/mcc_generated_files/system/src/clock.o
 .debug_abbrev  0x0000000000001d57       0x97 build/default/production/mcc_generated_files/system/src/config_bits.o
 .debug_abbrev  0x0000000000001dee       0xfa build/default/production/mcc_generated_files/system/src/interrupt.o
 .debug_abbrev  0x0000000000001ee8       0x58 build/default/production/mcc_generated_files/system/src/system.o
 .debug_abbrev  0x0000000000001f40       0x14 build/default/production/mcc_generated_files/system/src/protected_io.o
 .debug_abbrev  0x0000000000001f54      0x14a build/default/production/mcc_generated_files/system/src/pins.o
 .debug_abbrev  0x000000000000209e      0x2e8 build/default/production/mcc_generated_files/uart/src/usart0.o
 .debug_abbrev  0x0000000000002386      0x26b build/default/production/mcc_generated_files/uart/src/usart1.o
 .debug_abbrev  0x00000000000025f1       0x8c build/default/production/mcc_generated_files/vref/src/vref.o
 .debug_abbrev  0x000000000000267d      0x182 build/default/production/main.o
 .debug_abbrev  0x00000000000027ff      0x191 build/default/production/TWI.o
 .debug_abbrev  0x0000000000002990      0x193 build/default/production/bme280.o
 .debug_abbrev  0x0000000000002b23      0x30d build/default/production/state.o
 .debug_abbrev  0x0000000000002e30      0x14c build/default/production/lr2.o
 .debug_abbrev  0x0000000000002f7c       0xda build/default/production/LR2_ringBuffer.o
 .debug_abbrev  0x0000000000003056      0x183 build/default/production/TERM_ringBuffer.o

.debug_line     0x0000000000000000     0x3166
 *(.debug_line .debug_line.* .debug_line_end)
 .debug_line    0x0000000000000000      0x14b C:/Users/C70348/.mchp_packs/Microchip/ATtiny_DFP/3.0.151/xc8/avr/lib/avrxmega3/crtattiny1627.o
 .debug_line    0x000000000000014b      0x3c8 build/default/production/mcc_generated_files/adc/src/adc0.o
 .debug_line    0x0000000000000513      0x161 build/default/production/mcc_generated_files/system/src/clock.o
 .debug_line    0x0000000000000674       0xe6 build/default/production/mcc_generated_files/system/src/config_bits.o
 .debug_line    0x000000000000075a      0x179 build/default/production/mcc_generated_files/system/src/interrupt.o
 .debug_line    0x00000000000008d3      0x178 build/default/production/mcc_generated_files/system/src/system.o
 .debug_line    0x0000000000000a4b       0x6d build/default/production/mcc_generated_files/system/src/protected_io.o
 .debug_line    0x0000000000000ab8      0x3fb build/default/production/mcc_generated_files/system/src/pins.o
 .debug_line    0x0000000000000eb3      0x494 build/default/production/mcc_generated_files/uart/src/usart0.o
 .debug_line    0x0000000000001347      0x45a build/default/production/mcc_generated_files/uart/src/usart1.o
 .debug_line    0x00000000000017a1       0xff build/default/production/mcc_generated_files/vref/src/vref.o
 .debug_line    0x00000000000018a0      0x211 build/default/production/main.o
 .debug_line    0x0000000000001ab1      0x3bd build/default/production/TWI.o
 .debug_line    0x0000000000001e6e      0x3b0 build/default/production/bme280.o
 .debug_line    0x000000000000221e      0x600 build/default/production/state.o
 .debug_line    0x000000000000281e      0x51c build/default/production/lr2.o
 .debug_line    0x0000000000002d3a      0x149 build/default/production/LR2_ringBuffer.o
 .debug_line    0x0000000000002e83      0x2e3 build/default/production/TERM_ringBuffer.o

.debug_frame    0x0000000000000000     0x1054
 *(.debug_frame)
 .debug_frame   0x0000000000000000      0x190 build/default/production/mcc_generated_files/adc/src/adc0.o
 .debug_frame   0x0000000000000190       0x24 build/default/production/mcc_generated_files/system/src/clock.o
 .debug_frame   0x00000000000001b4       0x24 build/default/production/mcc_generated_files/system/src/interrupt.o
 .debug_frame   0x00000000000001d8       0x24 build/default/production/mcc_generated_files/system/src/system.o
 .debug_frame   0x00000000000001fc      0x238 build/default/production/mcc_generated_files/system/src/pins.o
 .debug_frame   0x0000000000000434      0x16c build/default/production/mcc_generated_files/uart/src/usart0.o
 .debug_frame   0x00000000000005a0      0x154 build/default/production/mcc_generated_files/uart/src/usart1.o
 .debug_frame   0x00000000000006f4       0x24 build/default/production/mcc_generated_files/vref/src/vref.o
 .debug_frame   0x0000000000000718       0x64 build/default/production/main.o
 .debug_frame   0x000000000000077c      0x12c build/default/production/TWI.o
 .debug_frame   0x00000000000008a8      0x238 build/default/production/bme280.o
 .debug_frame   0x0000000000000ae0      0x2ac build/default/production/state.o
 .debug_frame   0x0000000000000d8c      0x160 build/default/production/lr2.o
 .debug_frame   0x0000000000000eec       0x74 build/default/production/LR2_ringBuffer.o
 .debug_frame   0x0000000000000f60       0xf4 build/default/production/TERM_ringBuffer.o

.debug_str      0x0000000000000000     0x10c8
 *(.debug_str)
 .debug_str     0x0000000000000000      0xbdd C:/Users/C70348/.mchp_packs/Microchip/ATtiny_DFP/3.0.151/xc8/avr/lib/avrxmega3/crtattiny1627.o
 .debug_str     0x0000000000000bdd       0x11 build/default/production/mcc_generated_files/adc/src/adc0.o
 .debug_str     0x0000000000000bee       0x13 build/default/production/mcc_generated_files/system/src/clock.o
 .debug_str     0x0000000000000c01        0x0 build/default/production/mcc_generated_files/system/src/config_bits.o
 .debug_str     0x0000000000000c01       0x13 build/default/production/mcc_generated_files/system/src/interrupt.o
 .debug_str     0x0000000000000c14       0x7e build/default/production/mcc_generated_files/system/src/system.o
 .debug_str     0x0000000000000c92       0x25 build/default/production/mcc_generated_files/system/src/pins.o
 .debug_str     0x0000000000000cb7       0x10 build/default/production/mcc_generated_files/uart/src/usart0.o
 .debug_str     0x0000000000000cc7       0x10 build/default/production/mcc_generated_files/uart/src/usart1.o
 .debug_str     0x0000000000000cd7        0x0 build/default/production/mcc_generated_files/vref/src/vref.o
 .debug_str     0x0000000000000cd7       0x6e build/default/production/main.o
 .debug_str     0x0000000000000d45       0x20 build/default/production/TWI.o
 .debug_str     0x0000000000000d65       0x2d build/default/production/bme280.o
 .debug_str     0x0000000000000d92      0x240 build/default/production/state.o
 .debug_str     0x0000000000000fd2       0xd5 build/default/production/lr2.o
 .debug_str     0x00000000000010a7        0x0 build/default/production/LR2_ringBuffer.o
 .debug_str     0x00000000000010a7       0x21 build/default/production/TERM_ringBuffer.o

.debug_loc      0x0000000000000000     0x18a8
 *(.debug_loc)
 .debug_loc     0x0000000000000000      0x12e build/default/production/mcc_generated_files/adc/src/adc0.o
 .debug_loc     0x000000000000012e      0x11f build/default/production/mcc_generated_files/system/src/clock.o
 .debug_loc     0x000000000000024d       0x2a build/default/production/mcc_generated_files/system/src/interrupt.o
 .debug_loc     0x0000000000000277       0x64 build/default/production/mcc_generated_files/uart/src/usart0.o
 .debug_loc     0x00000000000002db      0x496 build/default/production/TWI.o
 .debug_loc     0x0000000000000771      0x76f build/default/production/bme280.o
 .debug_loc     0x0000000000000ee0      0x214 build/default/production/state.o
 .debug_loc     0x00000000000010f4      0x574 build/default/production/lr2.o
 .debug_loc     0x0000000000001668       0x7c build/default/production/LR2_ringBuffer.o
 .debug_loc     0x00000000000016e4      0x1c4 build/default/production/TERM_ringBuffer.o

.debug_macinfo
 *(.debug_macinfo)

.debug_weaknames
 *(.debug_weaknames)

.debug_funcnames
 *(.debug_funcnames)

.debug_typenames
 *(.debug_typenames)

.debug_varnames
 *(.debug_varnames)

.debug_pubtypes
 *(.debug_pubtypes)

.debug_ranges   0x0000000000000000      0x578
 *(.debug_ranges)
 .debug_ranges  0x0000000000000000       0xa8 build/default/production/mcc_generated_files/adc/src/adc0.o
 .debug_ranges  0x00000000000000a8       0x10 build/default/production/mcc_generated_files/system/src/clock.o
 .debug_ranges  0x00000000000000b8       0x10 build/default/production/mcc_generated_files/system/src/interrupt.o
 .debug_ranges  0x00000000000000c8       0x10 build/default/production/mcc_generated_files/system/src/system.o
 .debug_ranges  0x00000000000000d8       0xa8 build/default/production/mcc_generated_files/system/src/pins.o
 .debug_ranges  0x0000000000000180       0xb0 build/default/production/mcc_generated_files/uart/src/usart0.o
 .debug_ranges  0x0000000000000230       0xa8 build/default/production/mcc_generated_files/uart/src/usart1.o
 .debug_ranges  0x00000000000002d8       0x10 build/default/production/mcc_generated_files/vref/src/vref.o
 .debug_ranges  0x00000000000002e8       0x30 build/default/production/main.o
 .debug_ranges  0x0000000000000318       0x60 build/default/production/TWI.o
 .debug_ranges  0x0000000000000378       0x80 build/default/production/bme280.o
 .debug_ranges  0x00000000000003f8       0x90 build/default/production/state.o
 .debug_ranges  0x0000000000000488       0x70 build/default/production/lr2.o
 .debug_ranges  0x00000000000004f8       0x30 build/default/production/LR2_ringBuffer.o
 .debug_ranges  0x0000000000000528       0x50 build/default/production/TERM_ringBuffer.o

.debug_macro
 *(.debug_macro)
OUTPUT(dist/default/production/attiny1627-iot-world-demo.X.production.elf elf32-avr)
LOAD linker stubs
LOAD data_init

.note.gnu.avr.deviceinfo
                0x0000000000000000       0x40
 .note.gnu.avr.deviceinfo
                0x0000000000000000       0x40 C:/Users/C70348/.mchp_packs/Microchip/ATtiny_DFP/3.0.151/xc8/avr/lib/avrxmega3/crtattiny1627.o

.bss.PC3_InterruptHandler
                0x0000000000803ace        0x2
 .bss.PC3_InterruptHandler
                0x0000000000803ace        0x2 build/default/production/mcc_generated_files/system/src/pins.o

.bss.PB6_InterruptHandler
                0x0000000000803ad0        0x2
 .bss.PB6_InterruptHandler
                0x0000000000803ad0        0x2 build/default/production/mcc_generated_files/system/src/pins.o

.bss.PB5_InterruptHandler
                0x0000000000803ad2        0x2
 .bss.PB5_InterruptHandler
                0x0000000000803ad2        0x2 build/default/production/mcc_generated_files/system/src/pins.o

.bss.PB2_InterruptHandler
                0x0000000000803ad4        0x2
 .bss.PB2_InterruptHandler
                0x0000000000803ad4        0x2 build/default/production/mcc_generated_files/system/src/pins.o

.bss.PB3_InterruptHandler
                0x0000000000803ad6        0x2
 .bss.PB3_InterruptHandler
                0x0000000000803ad6        0x2 build/default/production/mcc_generated_files/system/src/pins.o

.bss.PA1_InterruptHandler
                0x0000000000803ad8        0x2
 .bss.PA1_InterruptHandler
                0x0000000000803ad8        0x2 build/default/production/mcc_generated_files/system/src/pins.o

.bss.PA2_InterruptHandler
                0x0000000000803ada        0x2
 .bss.PA2_InterruptHandler
                0x0000000000803ada        0x2 build/default/production/mcc_generated_files/system/src/pins.o

.bss.PA7_InterruptHandler
                0x0000000000803adc        0x2
 .bss.PA7_InterruptHandler
                0x0000000000803adc        0x2 build/default/production/mcc_generated_files/system/src/pins.o

.bss.usart0RxLastError
                0x0000000000803ade        0x2
 .bss.usart0RxLastError
                0x0000000000803ade        0x2 build/default/production/mcc_generated_files/uart/src/usart0.o

.bss.usart1RxLastError
                0x0000000000803ae0        0x2
 .bss.usart1RxLastError
                0x0000000000803ae0        0x2 build/default/production/mcc_generated_files/uart/src/usart1.o

.bss.data       0x0000000000803abf        0x7
 .bss.data      0x0000000000803abf        0x7 build/default/production/state.o

.bss.numTx      0x0000000000803ae2        0x2
 .bss.numTx     0x0000000000803ae2        0x2 build/default/production/state.o
                0x0000000000803ae2                numTx

.bss.secs       0x0000000000803ac6        0x4
 .bss.secs      0x0000000000803ac6        0x4 build/default/production/state.o
                0x0000000000803ac6                secs

.bss.millis     0x0000000000803aca        0x4
 .bss.millis    0x0000000000803aca        0x4 build/default/production/state.o
                0x0000000000803aca                millis

.bss.event_flags
                0x0000000000803ae4        0x2
 .bss.event_flags
                0x0000000000803ae4        0x2 build/default/production/state.o

.bss.state      0x0000000000803ae6        0x1
 .bss.state     0x0000000000803ae6        0x1 build/default/production/state.o

.bss.weather_initialized
                0x0000000000803ae7        0x1
 .bss.weather_initialized
                0x0000000000803ae7        0x1 build/default/production/state.o
                0x0000000000803ae7                weather_initialized

.bss.Tail       0x0000000000803ae8        0x1
 .bss.Tail      0x0000000000803ae8        0x1 build/default/production/LR2_ringBuffer.o

.bss.Head       0x0000000000803ae9        0x1
 .bss.Head      0x0000000000803ae9        0x1 build/default/production/LR2_ringBuffer.o

.bss.Buffer     0x00000000008038b1      0x100
 .bss.Buffer    0x00000000008038b1      0x100 build/default/production/LR2_ringBuffer.o

.bss.tail       0x0000000000803aea        0x1
 .bss.tail      0x0000000000803aea        0x1 build/default/production/TERM_ringBuffer.o

.bss.head       0x0000000000803aeb        0x1
 .bss.head      0x0000000000803aeb        0x1 build/default/production/TERM_ringBuffer.o

.bss.Buffer     0x00000000008039b1      0x100
 .bss.Buffer    0x00000000008039b1      0x100 build/default/production/TERM_ringBuffer.o

.text.avrlibc   0x0000000000000160      0x3c2
 .text.avrlibc  0x0000000000000160      0x3c2 c:/program files/microchip/xc8/v2.32/avr/bin/../lib/gcc/avr/5.4.0/../../../../avr/lib/avrxmega3\libc.a(vfprintf_std.o)
                0x0000000000000160                vfprintf

.rodata         0x0000000000808522      0x304 load address 0x0000000000000522
 .rodata        0x0000000000808522      0x304 build/default/production/lr2.o

.text.BME280_compensatePressure
                0x0000000000000826      0x2b0
 .text.BME280_compensatePressure
                0x0000000000000826      0x2b0 build/default/production/bme280.o
                0x0000000000000826                BME280_compensatePressure

.rodata         0x0000000000808ad6      0x20c load address 0x0000000000000ad6
 .rodata        0x0000000000808ad6      0x20c build/default/production/state.o

.text.BME280_compensateHumidity
                0x0000000000000ce2      0x1f8
 .text.BME280_compensateHumidity
                0x0000000000000ce2      0x1f8 build/default/production/bme280.o
                0x0000000000000ce2                BME280_compensateHumidity

.text.formatPayload
                0x0000000000000eda      0x1e0
 .text.formatPayload
                0x0000000000000eda      0x1e0 build/default/production/state.o
                0x0000000000000eda                formatPayload

.text.BME280_readFactoryCalibrationParams
                0x00000000000010ba      0x180
 .text.BME280_readFactoryCalibrationParams
                0x00000000000010ba      0x180 build/default/production/bme280.o
                0x00000000000010ba                BME280_readFactoryCalibrationParams

.text.stateMachine
                0x000000000000123a      0x12c
 .text.stateMachine
                0x000000000000123a      0x12c build/default/production/state.o
                0x000000000000123a                stateMachine

.text.BME280_compensateTemperature
                0x0000000000001366      0x128
 .text.BME280_compensateTemperature
                0x0000000000001366      0x128 build/default/production/bme280.o
                0x0000000000001366                BME280_compensateTemperature

.text.BME280_readMeasurements
                0x000000000000148e      0x11e
 .text.BME280_readMeasurements
                0x000000000000148e      0x11e build/default/production/bme280.o
                0x000000000000148e                BME280_readMeasurements

.text.PIN_MANAGER_Initialize
                0x00000000000015ac       0xea
 .text.PIN_MANAGER_Initialize
                0x00000000000015ac       0xea build/default/production/mcc_generated_files/system/src/pins.o
                0x00000000000015ac                PIN_MANAGER_Initialize

.text.avrlibc.fplib
                0x0000000000001696       0xde
 .text.avrlibc.fplib
                0x0000000000001696       0xde c:/program files/microchip/xc8/v2.32/avr/bin/../lib/gcc/avr/5.4.0/../../../../avr/lib/avrxmega3\libm.a(divsf3x.o)
                0x0000000000001696                __divsf3x
                0x00000000000016be                __divsf3_pse

.text.printSensorData
                0x0000000000001774       0xd4
 .text.printSensorData
                0x0000000000001774       0xd4 build/default/production/state.o
                0x0000000000001774                printSensorData

.text.avrlibc.fplib
                0x0000000000001848       0xd4
 .text.avrlibc.fplib
                0x0000000000001848       0xd4 c:/program files/microchip/xc8/v2.32/avr/bin/../lib/gcc/avr/5.4.0/../../../../avr/lib/avrxmega3\libm.a(mulsf3x.o)
                0x0000000000001848                __mulsf3x
                0x000000000000186e                __mulsf3_pse

.text.avrlibc.fplib
                0x000000000000191c       0xce
 .text.avrlibc.fplib
                0x000000000000191c       0xce c:/program files/microchip/xc8/v2.32/avr/bin/../lib/gcc/avr/5.4.0/../../../../avr/lib/avrxmega3\libm.a(addsf3x.o)
                0x000000000000191c                __addsf3x

.text.avrlibc   0x00000000000019ea       0xbc
 .text.avrlibc  0x00000000000019ea       0xbc c:/program files/microchip/xc8/v2.32/avr/bin/../lib/gcc/avr/5.4.0/../../../../avr/lib/avrxmega3\libc.a(ultoa_invert.o)
                0x00000000000019ea                __ultoa_invert

.text.avrlibc.fplib
                0x0000000000001aa6       0xa2
 .text.avrlibc.fplib
                0x0000000000001aa6       0xa2 c:/program files/microchip/xc8/v2.32/avr/bin/../lib/gcc/avr/5.4.0/../../../../avr/lib/avrxmega3\libm.a(log.o)
                0x0000000000001aa6                log

.text.avrlibc.fplib
                0x0000000000001b48       0xa0
 .text.avrlibc.fplib
                0x0000000000001b48       0xa0 c:/program files/microchip/xc8/v2.32/avr/bin/../lib/gcc/avr/5.4.0/../../../../avr/lib/avrxmega3\libm.a(pow.o)
                0x0000000000001b48                pow

.text.LR2_reset
                0x0000000000001be8       0x9a
 .text.LR2_reset
                0x0000000000001be8       0x9a build/default/production/lr2.o
                0x0000000000001be8                LR2_reset

.text.BME280_getPressure
                0x0000000000001c82       0x92
 .text.BME280_getPressure
                0x0000000000001c82       0x92 build/default/production/bme280.o
                0x0000000000001c82                BME280_getPressure

.text.TWI_sendAndReadBytes
                0x0000000000001d14       0x90
 .text.TWI_sendAndReadBytes
                0x0000000000001d14       0x90 build/default/production/TWI.o
                0x0000000000001d14                TWI_sendAndReadBytes

.text.LR2_config_abp
                0x0000000000001da4       0x8a
 .text.LR2_config_abp
                0x0000000000001da4       0x8a build/default/production/lr2.o
                0x0000000000001da4                LR2_config_abp

.text.__vector_7
                0x0000000000001e2e       0x80
 .text.__vector_7
                0x0000000000001e2e       0x80 build/default/production/mcc_generated_files/system/src/pins.o
                0x0000000000001e2e                __vector_7

.text.avrlibc   0x0000000000001eae       0x80
 .text.avrlibc  0x0000000000001eae       0x80 c:/program files/microchip/xc8/v2.32/avr/bin/../lib/gcc/avr/5.4.0/../../../../avr/lib/avrxmega3\libc.a(puts.o)
                0x0000000000001eae                puts

.text.avrlibc.fplib
                0x0000000000001f2e       0x7a
 .text.avrlibc.fplib
                0x0000000000001f2e       0x7a c:/program files/microchip/xc8/v2.32/avr/bin/../lib/gcc/avr/5.4.0/../../../../avr/lib/avrxmega3\libm.a(floatsisf.o)
                0x0000000000001f2e                __floatunsisf
                0x0000000000001f32                __floatsisf

.text.avrlibc   0x0000000000001fa8       0x78
 .text.avrlibc  0x0000000000001fa8       0x78 c:/program files/microchip/xc8/v2.32/avr/bin/../lib/gcc/avr/5.4.0/../../../../avr/lib/avrxmega3\libc.a(fputc.o)
                0x0000000000001fa8                fputc

.text.avrlibc.fplib
                0x0000000000002020       0x76
 .text.avrlibc.fplib
                0x0000000000002020       0x76 c:/program files/microchip/xc8/v2.32/avr/bin/../lib/gcc/avr/5.4.0/../../../../avr/lib/avrxmega3\libm.a(exp.o)
                0x0000000000002020                exp

.text.avrlibc.fplib
                0x0000000000002096       0x76
 .text.avrlibc.fplib
                0x0000000000002096       0x76 c:/program files/microchip/xc8/v2.32/avr/bin/../lib/gcc/avr/5.4.0/../../../../avr/lib/avrxmega3\libm.a(ldexp.o)
                0x0000000000002096                ldexp

.text.__vector_6
                0x000000000000210c       0x72
 .text.__vector_6
                0x000000000000210c       0x72 build/default/production/mcc_generated_files/system/src/pins.o
                0x000000000000210c                __vector_6

.text.LR2_sendAppSKey
                0x000000000000217e       0x68
 .text.LR2_sendAppSKey
                0x000000000000217e       0x68 build/default/production/lr2.o
                0x000000000000217e                LR2_sendAppSKey

.text.LR2_tx_buff_Push_Str
                0x00000000000021e6       0x68
 .text.LR2_tx_buff_Push_Str
                0x00000000000021e6       0x68 build/default/production/LR2_ringBuffer.o
                0x00000000000021e6                LR2_tx_buff_Push_Str

.text.TERM_sendStringRaw
                0x000000000000224e       0x68
 .text.TERM_sendStringRaw
                0x000000000000224e       0x68 build/default/production/TERM_ringBuffer.o
                0x000000000000224e                TERM_sendStringRaw

.text.avrlibc.fplib
                0x00000000000022b6       0x68
 .text.avrlibc.fplib
                0x00000000000022b6       0x68 c:/program files/microchip/xc8/v2.32/avr/bin/../lib/gcc/avr/5.4.0/../../../../avr/lib/avrxmega3\libm.a(modf.o)
                0x00000000000022b6                modf
                0x00000000000022b6                modff

.text.BME280_initializeSensor
                0x000000000000231e       0x62
 .text.BME280_initializeSensor
                0x000000000000231e       0x62 build/default/production/bme280.o
                0x000000000000231e                BME280_initializeSensor

.text.LR2_sendStringCmd
                0x0000000000002380       0x5e
 .text.LR2_sendStringCmd
                0x0000000000002380       0x5e build/default/production/lr2.o
                0x0000000000002380                LR2_sendStringCmd

.text.avrlibc.fplib
                0x00000000000023de       0x5e
 .text.avrlibc.fplib
                0x00000000000023de       0x5e c:/program files/microchip/xc8/v2.32/avr/bin/../lib/gcc/avr/5.4.0/../../../../avr/lib/avrxmega3\libm.a(fixunssfsi.o)
                0x00000000000023de                __fixunssfsi

.text.__vector_13
                0x000000000000243c       0x5c
 .text.__vector_13
                0x000000000000243c       0x5c build/default/production/state.o
                0x000000000000243c                __vector_13

.text.__vector_4
                0x0000000000002498       0x5c
 .text.__vector_4
                0x0000000000002498       0x5c build/default/production/state.o
                0x0000000000002498                __vector_4

.text.__vector_25
                0x00000000000024f4       0x5c
 .text.__vector_25
                0x00000000000024f4       0x5c build/default/production/state.o
                0x00000000000024f4                __vector_25

.text.USART0_Initialize
                0x0000000000002550       0x58
 .text.USART0_Initialize
                0x0000000000002550       0x58 build/default/production/mcc_generated_files/uart/src/usart0.o
                0x0000000000002550                USART0_Initialize

.text.LR2_sendNwkSKey
                0x00000000000025a8       0x58
 .text.LR2_sendNwkSKey
                0x00000000000025a8       0x58 build/default/production/lr2.o
                0x00000000000025a8                LR2_sendNwkSKey

.text.CLOCK_Initialize
                0x0000000000002600       0x56
 .text.CLOCK_Initialize
                0x0000000000002600       0x56 build/default/production/mcc_generated_files/system/src/clock.o
                0x0000000000002600                CLOCK_Initialize

.text.__vector_24
                0x0000000000002656       0x56
 .text.__vector_24
                0x0000000000002656       0x56 build/default/production/mcc_generated_files/system/src/pins.o
                0x0000000000002656                __vector_24

.text._readFromTWI
                0x00000000000026ac       0x56
 .text._readFromTWI
                0x00000000000026ac       0x56 build/default/production/TWI.o
                0x00000000000026ac                _readFromTWI

.text.sendAndReceiveBuffers
                0x0000000000002702       0x52
 .text.sendAndReceiveBuffers
                0x0000000000002702       0x52 build/default/production/state.o
                0x0000000000002702                sendAndReceiveBuffers

.text._writeToTWI
                0x0000000000002754       0x4e
 .text._writeToTWI
                0x0000000000002754       0x4e build/default/production/TWI.o
                0x0000000000002754                _writeToTWI

.text.avrlibc.fplib
                0x00000000000027a2       0x4e
 .text.avrlibc.fplib
                0x00000000000027a2       0x4e c:/program files/microchip/xc8/v2.32/avr/bin/../lib/gcc/avr/5.4.0/../../../../avr/lib/avrxmega3\libm.a(fp_powser.o)
                0x00000000000027a2                __fp_powser

.text.USART1_Initialize
                0x00000000000027f0       0x4c
 .text.USART1_Initialize
                0x00000000000027f0       0x4c build/default/production/mcc_generated_files/uart/src/usart1.o
                0x00000000000027f0                USART1_Initialize

.text._startTWI
                0x000000000000283c       0x4a
 .text._startTWI
                0x000000000000283c       0x4a build/default/production/TWI.o
                0x000000000000283c                _startTWI

.text.getSensorData
                0x0000000000002886       0x4a
 .text.getSensorData
                0x0000000000002886       0x4a build/default/production/state.o
                0x0000000000002886                getSensorData

.text.avrlibc.fplib
                0x00000000000028d0       0x44
 .text.avrlibc.fplib
                0x00000000000028d0       0x44 c:/program files/microchip/xc8/v2.32/avr/bin/../lib/gcc/avr/5.4.0/../../../../avr/lib/avrxmega3\libm.a(fp_split3.o)
                0x00000000000028d0                __fp_split3
                0x00000000000028e0                __fp_splitA

.text.libgcc.div
                0x0000000000002914       0x44
 .text.libgcc.div
                0x0000000000002914       0x44 c:/program files/microchip/xc8/v2.32/avr/bin/../lib/gcc/avr/5.4.0/avrxmega3\libgcc.a(_udivmodsi4.o)
                0x0000000000002914                __udivmodsi4

.text.map       0x0000000000002958       0x3c
 .text.map      0x0000000000002958       0x3c build/default/production/state.o
                0x0000000000002958                map

.text.LR2_recvRsp
                0x0000000000002994       0x3c
 .text.LR2_recvRsp
                0x0000000000002994       0x3c build/default/production/lr2.o
                0x0000000000002994                LR2_recvRsp

.text.LR2_tx_cnf
                0x00000000000029d0       0x38
 .text.LR2_tx_cnf
                0x00000000000029d0       0x38 build/default/production/lr2.o
                0x00000000000029d0                LR2_tx_cnf

.text.LR2_tx_uncnf
                0x0000000000002a08       0x38
 .text.LR2_tx_uncnf
                0x0000000000002a08       0x38 build/default/production/lr2.o
                0x0000000000002a08                LR2_tx_uncnf

.text.TCB0_init
                0x0000000000002a40       0x36
 .text.TCB0_init
                0x0000000000002a40       0x36 build/default/production/main.o
                0x0000000000002a40                TCB0_init

.text.WeatherClick_initialize
                0x0000000000002a76       0x36
 .text.WeatherClick_initialize
                0x0000000000002a76       0x36 build/default/production/state.o
                0x0000000000002a76                WeatherClick_initialize

.text.ADC0_Initialize
                0x0000000000002aac       0x34
 .text.ADC0_Initialize
                0x0000000000002aac       0x34 build/default/production/mcc_generated_files/adc/src/adc0.o
                0x0000000000002aac                ADC0_Initialize

.text.BME280_startForcedSensing
                0x0000000000002ae0       0x34
 .text.BME280_startForcedSensing
                0x0000000000002ae0       0x34 build/default/production/bme280.o
                0x0000000000002ae0                BME280_startForcedSensing

.text.libgcc.prologue
                0x0000000000002b14       0x32
 .text.libgcc.prologue
                0x0000000000002b14       0x32 c:/program files/microchip/xc8/v2.32/avr/bin/../lib/gcc/avr/5.4.0/avrxmega3\libgcc.a(_prologue.o)
                0x0000000000002b14                __prologue_saves__

.text.__vector_21
                0x0000000000002b46       0x30
 .text.__vector_21
                0x0000000000002b46       0x30 build/default/production/mcc_generated_files/adc/src/adc0.o
                0x0000000000002b46                __vector_21

.text.libgcc.prologue
                0x0000000000002b76       0x30
 .text.libgcc.prologue
                0x0000000000002b76       0x30 c:/program files/microchip/xc8/v2.32/avr/bin/../lib/gcc/avr/5.4.0/avrxmega3\libgcc.a(_epilogue.o)
                0x0000000000002b76                __epilogue_restores__

.text.avrlibc   0x0000000000002ba6       0x2c
 .text.avrlibc  0x0000000000002ba6       0x2c c:/program files/microchip/xc8/v2.32/avr/bin/../lib/gcc/avr/5.4.0/../../../../avr/lib/avrxmega3\libc.a(printf.o)
                0x0000000000002ba6                printf

.text.TWI_sendBytes
                0x0000000000002bd2       0x2a
 .text.TWI_sendBytes
                0x0000000000002bd2       0x2a build/default/production/TWI.o
                0x0000000000002bd2                TWI_sendBytes

.text.BME280_reset
                0x0000000000002bfc       0x2a
 .text.BME280_reset
                0x0000000000002bfc       0x2a build/default/production/bme280.o
                0x0000000000002bfc                BME280_reset

.text.LR2_tx_buff_Push
                0x0000000000002c26       0x2a
 .text.LR2_tx_buff_Push
                0x0000000000002c26       0x2a build/default/production/LR2_ringBuffer.o
                0x0000000000002c26                LR2_tx_buff_Push

.text.TERM_tx_buff_Push
                0x0000000000002c50       0x2a
 .text.TERM_tx_buff_Push
                0x0000000000002c50       0x2a build/default/production/TERM_ringBuffer.o
                0x0000000000002c50                TERM_tx_buff_Push

.text.main      0x0000000000002c7a       0x24
 .text.main     0x0000000000002c7a       0x24 build/default/production/main.o
                0x0000000000002c7a                main

.text.getBatteryLevel
                0x0000000000002c9e       0x24
 .text.getBatteryLevel
                0x0000000000002c9e       0x24 build/default/production/state.o
                0x0000000000002c9e                getBatteryLevel

.text.PORT_init
                0x0000000000002cc2       0x22
 .text.PORT_init
                0x0000000000002cc2       0x22 build/default/production/main.o
                0x0000000000002cc2                PORT_init

.text.avrlibc.fplib
                0x0000000000002ce4       0x22
 .text.avrlibc.fplib
                0x0000000000002ce4       0x22 c:/program files/microchip/xc8/v2.32/avr/bin/../lib/gcc/avr/5.4.0/../../../../avr/lib/avrxmega3\libm.a(fp_round.o)
                0x0000000000002ce4                __fp_round

.text.libgcc.mul
                0x0000000000002d06       0x20
 .text.libgcc.mul
                0x0000000000002d06       0x20 c:/program files/microchip/xc8/v2.32/avr/bin/../lib/gcc/avr/5.4.0/avrxmega3\libgcc.a(_mulsi3.o)
                0x0000000000002d06                __mulsi3

.text.ADC0_StartConversion
                0x0000000000002d26       0x1e
 .text.ADC0_StartConversion
                0x0000000000002d26       0x1e build/default/production/mcc_generated_files/adc/src/adc0.o
                0x0000000000002d26                ADC0_StartConversion

.text.ADC0_GetConversion
                0x0000000000002d44       0x1e
 .text.ADC0_GetConversion
                0x0000000000002d44       0x1e build/default/production/mcc_generated_files/adc/src/adc0.o
                0x0000000000002d44                ADC0_GetConversion

.text.__vector_23
                0x0000000000002d62       0x1e
 .text.__vector_23
                0x0000000000002d62       0x1e build/default/production/mcc_generated_files/adc/src/adc0.o
                0x0000000000002d62                __vector_23

.text.__vector_22
                0x0000000000002d80       0x1e
 .text.__vector_22
                0x0000000000002d80       0x1e build/default/production/mcc_generated_files/adc/src/adc0.o
                0x0000000000002d80                __vector_22

.text.SYSTEM_Initialize
                0x0000000000002d9e       0x1e
 .text.SYSTEM_Initialize
                0x0000000000002d9e       0x1e build/default/production/mcc_generated_files/system/src/system.o
                0x0000000000002d9e                SYSTEM_Initialize

.text.BME280_config
                0x0000000000002dbc       0x1e
 .text.BME280_config
                0x0000000000002dbc       0x1e build/default/production/bme280.o
                0x0000000000002dbc                BME280_config

.text.BUTTON_releaseCallback
                0x0000000000002dda       0x1e
 .text.BUTTON_releaseCallback
                0x0000000000002dda       0x1e build/default/production/state.o
                0x0000000000002dda                BUTTON_releaseCallback

.text.LR2_join_abp
                0x0000000000002df8       0x1e
 .text.LR2_join_abp
                0x0000000000002df8       0x1e build/default/production/lr2.o
                0x0000000000002df8                LR2_join_abp

.text.libgcc.mul
                0x0000000000002e16       0x1e
 .text.libgcc.mul
                0x0000000000002e16       0x1e c:/program files/microchip/xc8/v2.32/avr/bin/../lib/gcc/avr/5.4.0/avrxmega3\libgcc.a(_umulhisi3.o)
                0x0000000000002e16                __umulhisi3

.text.isTWIBad  0x0000000000002e34       0x1c
 .text.isTWIBad
                0x0000000000002e34       0x1c build/default/production/TWI.o
                0x0000000000002e34                isTWIBad

.text.TWI_initHost
                0x0000000000002e50       0x1c
 .text.TWI_initHost
                0x0000000000002e50       0x1c build/default/production/TWI.o
                0x0000000000002e50                TWI_initHost

.text.TERM_sendByte
                0x0000000000002e6c       0x1c
 .text.TERM_sendByte
                0x0000000000002e6c       0x1c build/default/production/TERM_ringBuffer.o
                0x0000000000002e6c                TERM_sendByte

.text.avrlibc.fplib
                0x0000000000002e88       0x1c
 .text.avrlibc.fplib
                0x0000000000002e88       0x1c c:/program files/microchip/xc8/v2.32/avr/bin/../lib/gcc/avr/5.4.0/../../../../avr/lib/avrxmega3\libm.a(fp_mpack.o)
                0x0000000000002e88                __fp_mpack
                0x0000000000002e8c                __fp_mpack_finite

.text.CPUINT_Initialize
                0x0000000000002ea4       0x18
 .text.CPUINT_Initialize
                0x0000000000002ea4       0x18 build/default/production/mcc_generated_files/system/src/interrupt.o
                0x0000000000002ea4                CPUINT_Initialize

.text.USART0_printCHAR
                0x0000000000002ebc       0x18
 .text.USART0_printCHAR
                0x0000000000002ebc       0x18 build/default/production/mcc_generated_files/uart/src/usart0.o
                0x0000000000002ebc                USART0_printCHAR

.text.Init_PIT  0x0000000000002ed4       0x18
 .text.Init_PIT
                0x0000000000002ed4       0x18 build/default/production/main.o
                0x0000000000002ed4                Init_PIT

.text.BME280_ctrl_meas
                0x0000000000002eec       0x18
 .text.BME280_ctrl_meas
                0x0000000000002eec       0x18 build/default/production/bme280.o
                0x0000000000002eec                BME280_ctrl_meas

.text.BME280_getTemperature
                0x0000000000002f04       0x16
 .text.BME280_getTemperature
                0x0000000000002f04       0x16 build/default/production/bme280.o
                0x0000000000002f04                BME280_getTemperature

.text.BME280_getHumidity
                0x0000000000002f1a       0x16
 .text.BME280_getHumidity
                0x0000000000002f1a       0x16 build/default/production/bme280.o
                0x0000000000002f1a                BME280_getHumidity

.text.LR2_tx_buff_Pop
                0x0000000000002f30       0x16
 .text.LR2_tx_buff_Pop
                0x0000000000002f30       0x16 build/default/production/LR2_ringBuffer.o
                0x0000000000002f30                LR2_tx_buff_Pop

.text.TERM_tx_buff_Pop
                0x0000000000002f46       0x16
 .text.TERM_tx_buff_Pop
                0x0000000000002f46       0x16 build/default/production/TERM_ringBuffer.o
                0x0000000000002f46                TERM_tx_buff_Pop

.text.libgcc.mul
                0x0000000000002f5c       0x16
 .text.libgcc.mul
                0x0000000000002f5c       0x16 c:/program files/microchip/xc8/v2.32/avr/bin/../lib/gcc/avr/5.4.0/avrxmega3\libgcc.a(_muluhisi3.o)
                0x0000000000002f5c                __muluhisi3

.text.avrlibc   0x0000000000002f72       0x16
 .text.avrlibc  0x0000000000002f72       0x16 c:/program files/microchip/xc8/v2.32/avr/bin/../lib/gcc/avr/5.4.0/../../../../avr/lib/avrxmega3\libc.a(strnlen_P.o)
                0x0000000000002f72                strnlen_P

.text.avrlibc   0x0000000000002f88       0x16
 .text.avrlibc  0x0000000000002f88       0x16 c:/program files/microchip/xc8/v2.32/avr/bin/../lib/gcc/avr/5.4.0/../../../../avr/lib/avrxmega3\libc.a(strnlen.o)
                0x0000000000002f88                strnlen

.text.configureTWIPins
                0x0000000000002f9e       0x10
 .text.configureTWIPins
                0x0000000000002f9e       0x10 build/default/production/TWI.o
                0x0000000000002f9e                configureTWIPins

.text.avrlibc.fplib
                0x0000000000002fae       0x10
 .text.avrlibc.fplib
                0x0000000000002fae       0x10 c:/program files/microchip/xc8/v2.32/avr/bin/../lib/gcc/avr/5.4.0/../../../../avr/lib/avrxmega3\libm.a(inverse.o)
                0x0000000000002fae                inverse

.text.libgcc.mul
                0x0000000000002fbe       0x10
 .text.libgcc.mul
                0x0000000000002fbe       0x10 c:/program files/microchip/xc8/v2.32/avr/bin/../lib/gcc/avr/5.4.0/avrxmega3\libgcc.a(_mulshisi3.o)
                0x0000000000002fbe                __mulshisi3
                0x0000000000002fc4                __mulohisi3

.text.EVSYS_init
                0x0000000000002fce        0xe
 .text.EVSYS_init
                0x0000000000002fce        0xe build/default/production/main.o
                0x0000000000002fce                EVSYS_init

.text.getMoistureMeasurement
                0x0000000000002fdc        0xe
 .text.getMoistureMeasurement
                0x0000000000002fdc        0xe build/default/production/state.o
                0x0000000000002fdc                getMoistureMeasurement

.text.avrlibc.fplib
                0x0000000000002fea        0xe
 .text.avrlibc.fplib
                0x0000000000002fea        0xe c:/program files/microchip/xc8/v2.32/avr/bin/../lib/gcc/avr/5.4.0/../../../../avr/lib/avrxmega3\libm.a(addsf3.o)
                0x0000000000002fea                __subsf3
                0x0000000000002fec                __addsf3

.text.avrlibc.fplib
                0x0000000000002ff8        0xe
 .text.avrlibc.fplib
                0x0000000000002ff8        0xe c:/program files/microchip/xc8/v2.32/avr/bin/../lib/gcc/avr/5.4.0/../../../../avr/lib/avrxmega3\libm.a(fixsfsi.o)
                0x0000000000002ff8                __fixsfsi

.text.avrlibc.fplib
                0x0000000000003006        0xe
 .text.avrlibc.fplib
                0x0000000000003006        0xe c:/program files/microchip/xc8/v2.32/avr/bin/../lib/gcc/avr/5.4.0/../../../../avr/lib/avrxmega3\libm.a(fp_pscA.o)
                0x0000000000003006                __fp_pscA

.text.avrlibc.fplib
                0x0000000000003014        0xe
 .text.avrlibc.fplib
                0x0000000000003014        0xe c:/program files/microchip/xc8/v2.32/avr/bin/../lib/gcc/avr/5.4.0/../../../../avr/lib/avrxmega3\libm.a(fp_pscB.o)
                0x0000000000003014                __fp_pscB

.text.avrlibc.fplib
                0x0000000000003022        0xe
 .text.avrlibc.fplib
                0x0000000000003022        0xe c:/program files/microchip/xc8/v2.32/avr/bin/../lib/gcc/avr/5.4.0/../../../../avr/lib/avrxmega3\libm.a(fp_zero.o)
                0x0000000000003022                __fp_zero
                0x0000000000003024                __fp_szero

.text.USART0_IsRxReady
                0x0000000000003030        0xc
 .text.USART0_IsRxReady
                0x0000000000003030        0xc build/default/production/mcc_generated_files/uart/src/usart0.o
                0x0000000000003030                USART0_IsRxReady

.text.USART0_IsTxReady
                0x000000000000303c        0xc
 .text.USART0_IsTxReady
                0x000000000000303c        0xc build/default/production/mcc_generated_files/uart/src/usart0.o
                0x000000000000303c                USART0_IsTxReady

.text.USART0_IsTxDone
                0x0000000000003048        0xc
 .text.USART0_IsTxDone
                0x0000000000003048        0xc build/default/production/mcc_generated_files/uart/src/usart0.o
                0x0000000000003048                USART0_IsTxDone

.text.USART1_IsRxReady
                0x0000000000003054        0xc
 .text.USART1_IsRxReady
                0x0000000000003054        0xc build/default/production/mcc_generated_files/uart/src/usart1.o
                0x0000000000003054                USART1_IsRxReady

.text.USART1_IsTxReady
                0x0000000000003060        0xc
 .text.USART1_IsTxReady
                0x0000000000003060        0xc build/default/production/mcc_generated_files/uart/src/usart1.o
                0x0000000000003060                USART1_IsTxReady

.text.VREF_Initialize
                0x000000000000306c        0xc
 .text.VREF_Initialize
                0x000000000000306c        0xc build/default/production/mcc_generated_files/vref/src/vref.o
                0x000000000000306c                VREF_Initialize

.text.BUTTON_pressCallback
                0x0000000000003078        0xc
 .text.BUTTON_pressCallback
                0x0000000000003078        0xc build/default/production/state.o
                0x0000000000003078                BUTTON_pressCallback

.text.LR2_tx_buff_Count
                0x0000000000003084        0xc
 .text.LR2_tx_buff_Count
                0x0000000000003084        0xc build/default/production/LR2_ringBuffer.o
                0x0000000000003084                LR2_tx_buff_Count

.text.TERM_tx_buff_Count
                0x0000000000003090        0xc
 .text.TERM_tx_buff_Count
                0x0000000000003090        0xc build/default/production/TERM_ringBuffer.o
                0x0000000000003090                TERM_tx_buff_Count

.text.avrlibc.fplib
                0x000000000000309c        0xc
 .text.avrlibc.fplib
                0x000000000000309c        0xc c:/program files/microchip/xc8/v2.32/avr/bin/../lib/gcc/avr/5.4.0/../../../../avr/lib/avrxmega3\libm.a(fp_inf.o)
                0x000000000000309c                __fp_inf

.text.WeatherClick_readSensors
                0x00000000000030a8        0xa
 .text.WeatherClick_readSensors
                0x00000000000030a8        0xa build/default/production/state.o
                0x00000000000030a8                WeatherClick_readSensors

.text.ADC0_IsConversionDone
                0x00000000000030b2        0x8
 .text.ADC0_IsConversionDone
                0x00000000000030b2        0x8 build/default/production/mcc_generated_files/adc/src/adc0.o
                0x00000000000030b2                ADC0_IsConversionDone

.text.protected_write_io
                0x00000000000030ba        0x8
 .text.protected_write_io
                0x00000000000030ba        0x8 build/default/production/mcc_generated_files/system/src/protected_io.o
                0x00000000000030ba                protected_write_io

.text.avrlibc.fplib
                0x00000000000030c2        0x8
 .text.avrlibc.fplib
                0x00000000000030c2        0x8 c:/program files/microchip/xc8/v2.32/avr/bin/../lib/gcc/avr/5.4.0/../../../../avr/lib/avrxmega3\libm.a(divsf3.o)
                0x00000000000030c2                __divsf3

.text.avrlibc.fplib
                0x00000000000030ca        0x8
 .text.avrlibc.fplib
                0x00000000000030ca        0x8 c:/program files/microchip/xc8/v2.32/avr/bin/../lib/gcc/avr/5.4.0/../../../../avr/lib/avrxmega3\libm.a(mulsf3.o)
                0x00000000000030ca                __mulsf3

.text.USART0_Read
                0x00000000000030d2        0x6
 .text.USART0_Read
                0x00000000000030d2        0x6 build/default/production/mcc_generated_files/uart/src/usart0.o
                0x00000000000030d2                USART0_Read

.text.USART0_Write
                0x00000000000030d8        0x6
 .text.USART0_Write
                0x00000000000030d8        0x6 build/default/production/mcc_generated_files/uart/src/usart0.o
                0x00000000000030d8                USART0_Write

.text.USART1_Read
                0x00000000000030de        0x6
 .text.USART1_Read
                0x00000000000030de        0x6 build/default/production/mcc_generated_files/uart/src/usart1.o
                0x00000000000030de                USART1_Read

.text.USART1_Write
                0x00000000000030e4        0x6
 .text.USART1_Write
                0x00000000000030e4        0x6 build/default/production/mcc_generated_files/uart/src/usart1.o
                0x00000000000030e4                USART1_Write

.text.BME280_ctrl_hum
                0x00000000000030ea        0x6
 .text.BME280_ctrl_hum
                0x00000000000030ea        0x6 build/default/production/bme280.o
                0x00000000000030ea                BME280_ctrl_hum

.text.LR2_config
                0x00000000000030f0        0x6
 .text.LR2_config
                0x00000000000030f0        0x6 build/default/production/lr2.o
                0x00000000000030f0                LR2_config

.text.LR2_join  0x00000000000030f6        0x6
 .text.LR2_join
                0x00000000000030f6        0x6 build/default/production/lr2.o
                0x00000000000030f6                LR2_join

.text.avrlibc.fplib
                0x00000000000030fc        0x6
 .text.avrlibc.fplib
                0x00000000000030fc        0x6 c:/program files/microchip/xc8/v2.32/avr/bin/../lib/gcc/avr/5.4.0/../../../../avr/lib/avrxmega3\libm.a(fp_nan.o)
                0x00000000000030fc                __fp_nan

.text           0x0000000000003102        0x4
 .text          0x0000000000003102        0x4 C:/Users/C70348/.mchp_packs/Microchip/ATtiny_DFP/3.0.151/xc8/avr/lib/avrxmega3/crtattiny1627.o
                0x0000000000003102                __vector_28
                0x0000000000003102                __vector_1
                0x0000000000003102                __vector_12
                0x0000000000003102                __bad_interrupt
                0x0000000000003102                __vector_3
                0x0000000000003102                __vector_11
                0x0000000000003102                __vector_17
                0x0000000000003102                __vector_19
                0x0000000000003102                __vector_27
                0x0000000000003102                __vector_5
                0x0000000000003102                __vector_9
                0x0000000000003102                __vector_2
                0x0000000000003102                __vector_15
                0x0000000000003102                __vector_29
                0x0000000000003102                __vector_8
                0x0000000000003102                __vector_26
                0x0000000000003102                __vector_14
                0x0000000000003102                __vector_10
                0x0000000000003102                __vector_16
                0x0000000000003102                __vector_18
                0x0000000000003102                __vector_20

.text.PA7_DefaultInterruptHandler
                0x0000000000003106        0x2
 .text.PA7_DefaultInterruptHandler
                0x0000000000003106        0x2 build/default/production/mcc_generated_files/system/src/pins.o
                0x0000000000003106                PA7_DefaultInterruptHandler

.text.PA2_DefaultInterruptHandler
                0x0000000000003108        0x2
 .text.PA2_DefaultInterruptHandler
                0x0000000000003108        0x2 build/default/production/mcc_generated_files/system/src/pins.o
                0x0000000000003108                PA2_DefaultInterruptHandler

.text.PA1_DefaultInterruptHandler
                0x000000000000310a        0x2
 .text.PA1_DefaultInterruptHandler
                0x000000000000310a        0x2 build/default/production/mcc_generated_files/system/src/pins.o
                0x000000000000310a                PA1_DefaultInterruptHandler

.text.PB3_DefaultInterruptHandler
                0x000000000000310c        0x2
 .text.PB3_DefaultInterruptHandler
                0x000000000000310c        0x2 build/default/production/mcc_generated_files/system/src/pins.o
                0x000000000000310c                PB3_DefaultInterruptHandler

.text.PB2_DefaultInterruptHandler
                0x000000000000310e        0x2
 .text.PB2_DefaultInterruptHandler
                0x000000000000310e        0x2 build/default/production/mcc_generated_files/system/src/pins.o
                0x000000000000310e                PB2_DefaultInterruptHandler

.text.PB5_DefaultInterruptHandler
                0x0000000000003110        0x2
 .text.PB5_DefaultInterruptHandler
                0x0000000000003110        0x2 build/default/production/mcc_generated_files/system/src/pins.o
                0x0000000000003110                PB5_DefaultInterruptHandler

.text.PB6_DefaultInterruptHandler
                0x0000000000003112        0x2
 .text.PB6_DefaultInterruptHandler
                0x0000000000003112        0x2 build/default/production/mcc_generated_files/system/src/pins.o
                0x0000000000003112                PB6_DefaultInterruptHandler

.text.PC3_DefaultInterruptHandler
                0x0000000000003114        0x2
 .text.PC3_DefaultInterruptHandler
                0x0000000000003114        0x2 build/default/production/mcc_generated_files/system/src/pins.o
                0x0000000000003114                PC3_DefaultInterruptHandler

.text.USART0_DefaultFramingErrorCallback
                0x0000000000003116        0x2
 .text.USART0_DefaultFramingErrorCallback
                0x0000000000003116        0x2 build/default/production/mcc_generated_files/uart/src/usart0.o

.text.USART0_DefaultOverrunErrorCallback
                0x0000000000003118        0x2
 .text.USART0_DefaultOverrunErrorCallback
                0x0000000000003118        0x2 build/default/production/mcc_generated_files/uart/src/usart0.o

.text.USART0_DefaultParityErrorCallback
                0x000000000000311a        0x2
 .text.USART0_DefaultParityErrorCallback
                0x000000000000311a        0x2 build/default/production/mcc_generated_files/uart/src/usart0.o

.text.USART1_DefaultFramingErrorCallback
                0x000000000000311c        0x2
 .text.USART1_DefaultFramingErrorCallback
                0x000000000000311c        0x2 build/default/production/mcc_generated_files/uart/src/usart1.o

.text.USART1_DefaultOverrunErrorCallback
                0x000000000000311e        0x2
 .text.USART1_DefaultOverrunErrorCallback
                0x000000000000311e        0x2 build/default/production/mcc_generated_files/uart/src/usart1.o

.text.USART1_DefaultParityErrorCallback
                0x0000000000003120        0x2
 .text.USART1_DefaultParityErrorCallback
                0x0000000000003120        0x2 build/default/production/mcc_generated_files/uart/src/usart1.o

.data.USART0_stream
                0x0000000000803ab1        0xe load address 0x0000000000003122
 .data.USART0_stream
                0x0000000000803ab1        0xe build/default/production/mcc_generated_files/uart/src/usart0.o
                0x0000000000803ab1                USART0_stream
