Archive member included to satisfy reference by file (symbol)

c:/program files/microchip/xc8/v2.32/avr/bin/../lib/gcc/avr/5.4.0/../../../../avr/lib/avrxmega3\libm.a(addsf3.o)
                              build/default/production/bme280.o (__subsf3)
c:/program files/microchip/xc8/v2.32/avr/bin/../lib/gcc/avr/5.4.0/../../../../avr/lib/avrxmega3\libm.a(addsf3x.o)
                              c:/program files/microchip/xc8/v2.32/avr/bin/../lib/gcc/avr/5.4.0/../../../../avr/lib/avrxmega3\libm.a(addsf3.o) (__addsf3x)
c:/program files/microchip/xc8/v2.32/avr/bin/../lib/gcc/avr/5.4.0/../../../../avr/lib/avrxmega3\libm.a(divsf3.o)
                              build/default/production/bme280.o (__divsf3)
c:/program files/microchip/xc8/v2.32/avr/bin/../lib/gcc/avr/5.4.0/../../../../avr/lib/avrxmega3\libm.a(divsf3x.o)
                              c:/program files/microchip/xc8/v2.32/avr/bin/../lib/gcc/avr/5.4.0/../../../../avr/lib/avrxmega3\libm.a(divsf3.o) (__divsf3x)
c:/program files/microchip/xc8/v2.32/avr/bin/../lib/gcc/avr/5.4.0/../../../../avr/lib/avrxmega3\libm.a(fixsfsi.o)
                              build/default/production/state.o (__fixsfsi)
c:/program files/microchip/xc8/v2.32/avr/bin/../lib/gcc/avr/5.4.0/../../../../avr/lib/avrxmega3\libm.a(fixunssfsi.o)
                              build/default/production/state.o (__fixunssfsi)
c:/program files/microchip/xc8/v2.32/avr/bin/../lib/gcc/avr/5.4.0/../../../../avr/lib/avrxmega3\libm.a(floatsisf.o)
                              build/default/production/bme280.o (__floatunsisf)
c:/program files/microchip/xc8/v2.32/avr/bin/../lib/gcc/avr/5.4.0/../../../../avr/lib/avrxmega3\libm.a(fp_inf.o)
                              c:/program files/microchip/xc8/v2.32/avr/bin/../lib/gcc/avr/5.4.0/../../../../avr/lib/avrxmega3\libm.a(addsf3x.o) (__fp_inf)
c:/program files/microchip/xc8/v2.32/avr/bin/../lib/gcc/avr/5.4.0/../../../../avr/lib/avrxmega3\libm.a(fp_nan.o)
                              c:/program files/microchip/xc8/v2.32/avr/bin/../lib/gcc/avr/5.4.0/../../../../avr/lib/avrxmega3\libm.a(addsf3x.o) (__fp_nan)
c:/program files/microchip/xc8/v2.32/avr/bin/../lib/gcc/avr/5.4.0/../../../../avr/lib/avrxmega3\libm.a(fp_pscA.o)
                              c:/program files/microchip/xc8/v2.32/avr/bin/../lib/gcc/avr/5.4.0/../../../../avr/lib/avrxmega3\libm.a(addsf3x.o) (__fp_pscA)
c:/program files/microchip/xc8/v2.32/avr/bin/../lib/gcc/avr/5.4.0/../../../../avr/lib/avrxmega3\libm.a(fp_pscB.o)
                              c:/program files/microchip/xc8/v2.32/avr/bin/../lib/gcc/avr/5.4.0/../../../../avr/lib/avrxmega3\libm.a(addsf3x.o) (__fp_pscB)
c:/program files/microchip/xc8/v2.32/avr/bin/../lib/gcc/avr/5.4.0/../../../../avr/lib/avrxmega3\libm.a(fp_round.o)
                              c:/program files/microchip/xc8/v2.32/avr/bin/../lib/gcc/avr/5.4.0/../../../../avr/lib/avrxmega3\libm.a(addsf3.o) (__fp_round)
c:/program files/microchip/xc8/v2.32/avr/bin/../lib/gcc/avr/5.4.0/../../../../avr/lib/avrxmega3\libm.a(fp_split3.o)
                              c:/program files/microchip/xc8/v2.32/avr/bin/../lib/gcc/avr/5.4.0/../../../../avr/lib/avrxmega3\libm.a(addsf3x.o) (__fp_split3)
c:/program files/microchip/xc8/v2.32/avr/bin/../lib/gcc/avr/5.4.0/../../../../avr/lib/avrxmega3\libm.a(fp_zero.o)
                              c:/program files/microchip/xc8/v2.32/avr/bin/../lib/gcc/avr/5.4.0/../../../../avr/lib/avrxmega3\libm.a(addsf3x.o) (__fp_zero)
c:/program files/microchip/xc8/v2.32/avr/bin/../lib/gcc/avr/5.4.0/../../../../avr/lib/avrxmega3\libm.a(mulsf3.o)
                              build/default/production/bme280.o (__mulsf3)
c:/program files/microchip/xc8/v2.32/avr/bin/../lib/gcc/avr/5.4.0/../../../../avr/lib/avrxmega3\libm.a(mulsf3x.o)
                              c:/program files/microchip/xc8/v2.32/avr/bin/../lib/gcc/avr/5.4.0/../../../../avr/lib/avrxmega3\libm.a(mulsf3.o) (__mulsf3x)
c:/program files/microchip/xc8/v2.32/avr/bin/../lib/gcc/avr/5.4.0/../../../../avr/lib/avrxmega3\libm.a(pow.o)
                              build/default/production/bme280.o (pow)
c:/program files/microchip/xc8/v2.32/avr/bin/../lib/gcc/avr/5.4.0/../../../../avr/lib/avrxmega3\libm.a(exp.o)
                              c:/program files/microchip/xc8/v2.32/avr/bin/../lib/gcc/avr/5.4.0/../../../../avr/lib/avrxmega3\libm.a(pow.o) (exp)
c:/program files/microchip/xc8/v2.32/avr/bin/../lib/gcc/avr/5.4.0/../../../../avr/lib/avrxmega3\libm.a(fp_powser.o)
                              c:/program files/microchip/xc8/v2.32/avr/bin/../lib/gcc/avr/5.4.0/../../../../avr/lib/avrxmega3\libm.a(exp.o) (__fp_powser)
c:/program files/microchip/xc8/v2.32/avr/bin/../lib/gcc/avr/5.4.0/../../../../avr/lib/avrxmega3\libm.a(inverse.o)
                              c:/program files/microchip/xc8/v2.32/avr/bin/../lib/gcc/avr/5.4.0/../../../../avr/lib/avrxmega3\libm.a(exp.o) (inverse)
c:/program files/microchip/xc8/v2.32/avr/bin/../lib/gcc/avr/5.4.0/../../../../avr/lib/avrxmega3\libm.a(ldexp.o)
[...]
Memory Configuration

Name             Origin             Length             Attributes
text             0x0000000000000000 0x0000000000008000 xr
data             0x0000000000803400 0x0000000000000c00 rw !x
eeprom           0x0000000000810000 0x0000000000000100 rw !x
fuse             0x0000000000820000 0x000000000000000a rw !x
lock             0x0000000000830000 0x0000000000000400 rw !x
signature        0x0000000000840000 0x0000000000000400 rw !x
user_signatures  0x0000000000850000 0x0000000000000400 rw !x
*default*        0x0000000000000000 0xffffffffffffffff

Linker script and memory map

Address of section .data set to 0x803400
                0x0000000000008000                __RODATA_PM_OFFSET__ = 0x8000
LOAD C:/Users/C70348/.mchp_packs/Microchip/ATtiny_DFP/3.0.151/xc8/avr/lib/avrxmega3/crtattiny3226.o
                0x0000000000000001                __MPLAB_BUILD = 0x1
LOAD build/default/production/mcc_generated_files/adc/src/adc0.o
LOAD build/default/production/mcc_generated_files/system/src/clock.o
LOAD build/default/production/mcc_generated_files/system/src/config_bits.o
LOAD build/default/production/mcc_generated_files/system/src/interrupt.o
LOAD build/default/production/mcc_generated_files/system/src/system.o
LOAD build/default/production/mcc_generated_files/system/src/protected_io.o
LOAD build/default/production/mcc_generated_files/system/src/pins.o
LOAD build/default/production/mcc_generated_files/uart/src/usart0.o
LOAD build/default/production/mcc_generated_files/uart/src/usart1.o
LOAD build/default/production/mcc_generated_files/vref/src/vref.o
LOAD build/default/production/main.o
LOAD build/default/production/TWI.o
LOAD build/default/production/bme280.o
LOAD build/default/production/state.o
LOAD build/default/production/lr2.o
LOAD build/default/production/LR2_ringBuffer.o
LOAD build/default/production/TERM_ringBuffer.o
START GROUP
LOAD c:/program files/microchip/xc8/v2.32/avr/bin/../lib/gcc/avr/5.4.0/../../../../avr/lib/avrxmega3\libm.a
END GROUP
START GROUP
LOAD c:/program files/microchip/xc8/v2.32/avr/bin/../lib/gcc/avr/5.4.0/avrxmega3\libgcc.a
LOAD c:/program files/microchip/xc8/v2.32/avr/bin/../lib/gcc/avr/5.4.0/../../../../avr/lib/avrxmega3\libm.a
LOAD c:/program files/microchip/xc8/v2.32/avr/bin/../lib/gcc/avr/5.4.0/../../../../avr/lib/avrxmega3\libc.a
LOAD C:/Users/C70348/.mchp_packs/Microchip/ATtiny_DFP/3.0.151/xc8/avr/lib/avrxmega3\libattiny3226.a
END GROUP
                [0x0000000000000000]                __TEXT_REGION_ORIGIN__ = DEFINED (__TEXT_REGION_ORIGIN__)?__TEXT_REGION_ORIGIN__:0x0
                [0x0000000000803400]                __DATA_REGION_ORIGIN__ = DEFINED (__DATA_REGION_ORIGIN__)?__DATA_REGION_ORIGIN__:0x802000
                [0x0000000000008000]                __TEXT_REGION_LENGTH__ = DEFINED (__TEXT_REGION_LENGTH__)?__TEXT_REGION_LENGTH__:0x100000
                [0x0000000000000c00]                __DATA_REGION_LENGTH__ = DEFINED (__DATA_REGION_LENGTH__)?__DATA_REGION_LENGTH__:0xffa0
                [0x0000000000000100]                __EEPROM_REGION_LENGTH__ = DEFINED (__EEPROM_REGION_LENGTH__)?__EEPROM_REGION_LENGTH__:0x10000
                [0x000000000000000a]                __FUSE_REGION_LENGTH__ = DEFINED (__FUSE_REGION_LENGTH__)?__FUSE_REGION_LENGTH__:0x400
                0x0000000000000400                __LOCK_REGION_LENGTH__ = DEFINED (__LOCK_REGION_LENGTH__)?__LOCK_REGION_LENGTH__:0x400
                0x0000000000000400                __SIGNATURE_REGION_LENGTH__ = DEFINED (__SIGNATURE_REGION_LENGTH__)?__SIGNATURE_REGION_LENGTH__:0x400
                0x0000000000000400                __USER_SIGNATURE_REGION_LENGTH__ = DEFINED (__USER_SIGNATURE_REGION_LENGTH__)?__USER_SIGNATURE_REGION_LENGTH__:0x400
                0x0000000000008000                __RODATA_PM_OFFSET__ = DEFINED (__RODATA_PM_OFFSET__)?__RODATA_PM_OFFSET__:0x8000

.hash
 *(.hash)

.dynsym
 *(.dynsym)

.dynstr
 *(.dynstr)

.gnu.version
 *(.gnu.version)

.gnu.version_d
 *(.gnu.version_d)

.gnu.version_r
 *(.gnu.version_r)

.rel.init
 *(.rel.init)

.rela.init
 *(.rela.init)

.rel.text
 *(.rel.text)
 *(.rel.text.*)
 *(.rel.gnu.linkonce.t*)

.rela.text
 *(.rela.text)
 *(.rela.text.*)
 *(.rela.gnu.linkonce.t*)

.rel.fini
 *(.rel.fini)

.rela.fini
 *(.rela.fini)

.rel.rodata
 *(.rel.rodata)
 *(.rel.rodata.*)
 *(.rel.gnu.linkonce.r*)

.rela.rodata
 *(.rela.rodata)
 *(.rela.rodata.*)
 *(.rela.gnu.linkonce.r*)

.rel.data
 *(.rel.data)
 *(.rel.data.*)
 *(.rel.gnu.linkonce.d*)

.rela.data
 *(.rela.data)
 *(.rela.data.*)
 *(.rela.gnu.linkonce.d*)

.rel.ctors
 *(.rel.ctors)

.rela.ctors
 *(.rela.ctors)

.rel.dtors
 *(.rel.dtors)

.rela.dtors
 *(.rela.dtors)

.rel.got
 *(.rel.got)

.rela.got
 *(.rela.got)

.rel.bss
 *(.rel.bss)

.rela.bss
 *(.rela.bss)

.rel.plt
 *(.rel.plt)

.rela.plt
 *(.rela.plt)

.text           0x0000000000000000      0x160
 *(.vectors)
 .vectors       0x0000000000000000       0x78 C:/Users/C70348/.mchp_packs/Microchip/ATtiny_DFP/3.0.151/xc8/avr/lib/avrxmega3/crtattiny3226.o
                0x0000000000000000                __vector_default
                0x0000000000000000                __vectors
 *(.vectors)
 *(.progmem.gcc*)
 .progmem.gcc_fplib
                0x0000000000000078       0x28 c:/program files/microchip/xc8/v2.32/avr/bin/../lib/gcc/avr/5.4.0/../../../../avr/lib/avrxmega3\libm.a(exp.o)
 .progmem.gcc_fplib
                0x00000000000000a0       0x5a c:/program files/microchip/xc8/v2.32/avr/bin/../lib/gcc/avr/5.4.0/../../../../avr/lib/avrxmega3\libm.a(log.o)
 *(.dinit)
 .dinit         0x00000000000000fa       0x11 data_init
                0x000000000000010c                . = ALIGN (0x2)
 *fill*         0x000000000000010b        0x1 
                0x000000000000010c                __trampolines_start = .
 *(.trampolines)
 .trampolines   0x000000000000010c        0x0 linker stubs
 *(.trampolines*)
                0x000000000000010c                __trampolines_end = .
 *libprintf_flt.a:*(.progmem.data)
 *libc.a:*(.progmem.data)
                0x000000000000010c                . = ALIGN (0x2)
 *(.jumptables)
 *(.jumptables*)
 *(.lowtext)
 *(.lowtext*)
                0x000000000000010c                __ctors_start = .
 *(.ctors)
                0x000000000000010c                __ctors_end = .
                0x000000000000010c                __dtors_start = .
 *(.dtors)
                0x000000000000010c                __dtors_end = .
 SORT(*)(.ctors)
 SORT(*)(.dtors)
 *(.init0)
 .init0         0x000000000000010c        0x0 C:/Users/C70348/.mchp_packs/Microchip/ATtiny_DFP/3.0.151/xc8/avr/lib/avrxmega3/crtattiny3226.o
                0x000000000000010c                __init
 *(.init0)
 *(.init1)
 *(.init1)
 *(.init2)
 .init2         0x000000000000010c        0xc C:/Users/C70348/.mchp_packs/Microchip/ATtiny_DFP/3.0.151/xc8/avr/lib/avrxmega3/crtattiny3226.o
 *(.init2)
 *(.init3)
 *(.init3)
 *(.init4)
 .init4         0x0000000000000118       0x3c c:/program files/microchip/xc8/v2.32/avr/bin/../lib/gcc/avr/5.4.0/avrxmega3\libgcc.a(_copy_data.o)
                0x0000000000000118                __do_copy_data
                0x0000000000000146                __do_clear_bss
 *(.init4)
 *(.init5)
 *(.init5)
 *(.init6)
 *(.init6)
 *(.init7)
 *(.init7)
 *(.init8)
 *(.init8)
 *(.init9)
 .init9         0x0000000000000154        0x8 C:/Users/C70348/.mchp_packs/Microchip/ATtiny_DFP/3.0.151/xc8/avr/lib/avrxmega3/crtattiny3226.o
 *(.init9)
                0x000000000000015c                . = ALIGN (0x2)
 *(.fini9)
 .fini9         0x000000000000015c        0x0 c:/program files/microchip/xc8/v2.32/avr/bin/../lib/gcc/avr/5.4.0/avrxmega3\libgcc.a(_exit.o)
                0x000000000000015c                _exit
                0x000000000000015c                exit
 *(.fini9)
 *(.fini8)
 *(.fini8)
 *(.fini7)
 *(.fini7)
 *(.fini6)
 *(.fini6)
 *(.fini5)
 *(.fini5)
 *(.fini4)
 *(.fini4)
 *(.fini3)
 *(.fini3)
 *(.fini2)
 *(.fini2)
 *(.fini1)
 *(.fini1)
 *(.fini0)
 .fini0         0x000000000000015c        0x4 c:/program files/microchip/xc8/v2.32/avr/bin/../lib/gcc/avr/5.4.0/avrxmega3\libgcc.a(_exit.o)
 *(.fini0)
                0x0000000000000160                _etext = .

.data           0x0000000000803400        0x0 load address 0x0000000000000160
                [!provide]                        PROVIDE (__data_start, .)
 *(.gnu.linkonce.d*)
                0x0000000000803400                . = ALIGN (0x2)
                0x0000000000803400                _edata = .
                [!provide]                        PROVIDE (__data_end, .)

.bss            0x0000000000803400       0xb1
                [!provide]                        PROVIDE (__bss_start, .)
 *(COMMON)
 COMMON         0x0000000000803400        0x6 build/default/production/mcc_generated_files/uart/src/usart0.o
                0x0000000000803400                USART0_OverrunErrorHandler
                0x0000000000803402                USART0_FramingErrorHandler
                0x0000000000803404                USART0_ParityErrorHandler
 COMMON         0x0000000000803406        0x6 build/default/production/mcc_generated_files/uart/src/usart1.o
                0x0000000000803406                USART1_FramingErrorHandler
                0x0000000000803408                USART1_OverrunErrorHandler
                0x000000000080340a                USART1_ParityErrorHandler
 COMMON         0x000000000080340c       0x8e build/default/production/main.o
                0x000000000080340c                adc_H
                0x0000000000803410                bme280_config
                0x0000000000803411                str_hum
                0x000000000080342f                str_temp
                0x000000000080344d                bme280_ctrl_hum
                0x000000000080344e                adc_P
                0x0000000000803452                adc_T
                0x0000000000803456                bme280_ctrl_meas
                0x0000000000803457                str_press
                0x0000000000803475                t_fine
                0x0000000000803479                calibParam
 COMMON         0x000000000080349a       0x11 build/default/production/state.o
                0x000000000080349a                payload
 COMMON         0x00000000008034ab        0x6 c:/program files/microchip/xc8/v2.32/avr/bin/../lib/gcc/avr/5.4.0/../../../../avr/lib/avrxmega3\libc.a(iob.o)
                0x00000000008034ab                __iob
                [!provide]                        PROVIDE (__bss_end, .)
                0x0000000000000160                __data_load_start = LOADADDR (.data)
                0x0000000000000160                __data_load_end = (__data_load_start + SIZEOF (.data))

.noinit         0x00000000008034b1        0x0
                [!provide]                        PROVIDE (__noinit_start, .)
 *(.noinit*)
                [!provide]                        PROVIDE (__noinit_end, .)
                0x00000000008034b1                _end = .

.eeprom         0x0000000000810000        0x0
 *(.eeprom*)
                0x0000000000810000                __eeprom_end = .

.fuse           0x0000000000820000        0x9
 *(.fuse)
 .fuse          0x0000000000820000        0x9 build/default/production/mcc_generated_files/system/src/config_bits.o
                0x0000000000820000                __fuse
 *(.lfuse)
 *(.hfuse)
 *(.efuse)

.lock
 *(.lock*)

.signature
 *(.signature*)

.user_signatures
 *(.user_signatures*)

.stab
 *(.stab)

.stabstr
 *(.stabstr)

.stab.excl
 *(.stab.excl)

.stab.exclstr
 *(.stab.exclstr)

.stab.index
 *(.stab.index)

.stab.indexstr
 *(.stab.indexstr)

.comment        0x0000000000000000       0x5b
 *(.comment)
 .comment       0x0000000000000000       0x2f build/default/production/mcc_generated_files/adc/src/adc0.o
                                         0x30 (size before relaxing)
 .comment       0x000000000000002f       0x30 build/default/production/mcc_generated_files/system/src/clock.o
 .comment       0x000000000000002f       0x30 build/default/production/mcc_generated_files/system/src/config_bits.o
 .comment       0x000000000000002f       0x30 build/default/production/mcc_generated_files/system/src/interrupt.o
 .comment       0x000000000000002f       0x30 build/default/production/mcc_generated_files/system/src/system.o
 .comment       0x000000000000002f       0x30 build/default/production/mcc_generated_files/system/src/pins.o
 .comment       0x000000000000002f       0x30 build/default/production/mcc_generated_files/uart/src/usart0.o
 .comment       0x000000000000002f       0x30 build/default/production/mcc_generated_files/uart/src/usart1.o
 .comment       0x000000000000002f       0x30 build/default/production/mcc_generated_files/vref/src/vref.o
 .comment       0x000000000000002f       0x30 build/default/production/main.o
 .comment       0x000000000000002f       0x30 build/default/production/TWI.o
 .comment       0x000000000000002f       0x30 build/default/production/bme280.o
 .comment       0x000000000000002f       0x30 build/default/production/state.o
 .comment       0x000000000000002f       0x30 build/default/production/lr2.o
 .comment       0x000000000000002f       0x30 build/default/production/LR2_ringBuffer.o
 .comment       0x000000000000002f       0x30 build/default/production/TERM_ringBuffer.o
 .comment       0x000000000000002f       0x2c c:/program files/microchip/xc8/v2.32/avr/bin/../lib/gcc/avr/5.4.0/../../../../avr/lib/avrxmega3\libc.a(iob.o)
                                         0x2d (size before relaxing)
 .comment       0x000000000000005b       0x2d c:/program files/microchip/xc8/v2.32/avr/bin/../lib/gcc/avr/5.4.0/../../../../avr/lib/avrxmega3\libc.a(printf.o)
 .comment       0x000000000000005b       0x2d c:/program files/microchip/xc8/v2.32/avr/bin/../lib/gcc/avr/5.4.0/../../../../avr/lib/avrxmega3\libc.a(puts.o)
 .comment       0x000000000000005b       0x2d c:/program files/microchip/xc8/v2.32/avr/bin/../lib/gcc/avr/5.4.0/../../../../avr/lib/avrxmega3\libc.a(vfprintf_std.o)
 .comment       0x000000000000005b       0x2d c:/program files/microchip/xc8/v2.32/avr/bin/../lib/gcc/avr/5.4.0/../../../../avr/lib/avrxmega3\libc.a(fputc.o)

.stack.descriptors.hdr
                0x0000000000000000      0x214
 .stack.descriptors.hdr
                0x0000000000000000        0xe c:/program files/microchip/xc8/v2.32/avr/bin/../lib/gcc/avr/5.4.0/../../../../avr/lib/avrxmega3\libm.a(addsf3.o)
 .stack.descriptors.hdr
                0x000000000000000e        0xe c:/program files/microchip/xc8/v2.32/avr/bin/../lib/gcc/avr/5.4.0/../../../../avr/lib/avrxmega3\libm.a(addsf3x.o)
 .stack.descriptors.hdr
                0x000000000000001c        0xe c:/program files/microchip/xc8/v2.32/avr/bin/../lib/gcc/avr/5.4.0/../../../../avr/lib/avrxmega3\libm.a(divsf3.o)
 .stack.descriptors.hdr
                0x000000000000002a        0xe c:/program files/microchip/xc8/v2.32/avr/bin/../lib/gcc/avr/5.4.0/../../../../avr/lib/avrxmega3\libm.a(divsf3x.o)
 .stack.descriptors.hdr
                0x0000000000000038        0xe c:/program files/microchip/xc8/v2.32/avr/bin/../lib/gcc/avr/5.4.0/../../../../avr/lib/avrxmega3\libm.a(fixsfsi.o)
 .stack.descriptors.hdr
                0x0000000000000046        0xe c:/program files/microchip/xc8/v2.32/avr/bin/../lib/gcc/avr/5.4.0/../../../../avr/lib/avrxmega3\libm.a(fixunssfsi.o)
 .stack.descriptors.hdr
                0x0000000000000054        0xe c:/program files/microchip/xc8/v2.32/avr/bin/../lib/gcc/avr/5.4.0/../../../../avr/lib/avrxmega3\libm.a(floatsisf.o)
 .stack.descriptors.hdr
                0x0000000000000062        0xe c:/program files/microchip/xc8/v2.32/avr/bin/../lib/gcc/avr/5.4.0/../../../../avr/lib/avrxmega3\libm.a(fp_inf.o)
 .stack.descriptors.hdr
                0x0000000000000070        0xe c:/program files/microchip/xc8/v2.32/avr/bin/../lib/gcc/avr/5.4.0/../../../../avr/lib/avrxmega3\libm.a(fp_nan.o)
 .stack.descriptors.hdr
                0x000000000000007e        0xe c:/program files/microchip/xc8/v2.32/avr/bin/../lib/gcc/avr/5.4.0/../../../../avr/lib/avrxmega3\libm.a(fp_pscA.o)
 .stack.descriptors.hdr
                0x000000000000008c        0xe c:/program files/microchip/xc8/v2.32/avr/bin/../lib/gcc/avr/5.4.0/../../../../avr/lib/avrxmega3\libm.a(fp_pscB.o)
 .stack.descriptors.hdr
                0x000000000000009a        0xe c:/program files/microchip/xc8/v2.32/avr/bin/../lib/gcc/avr/5.4.0/../../../../avr/lib/avrxmega3\libm.a(fp_round.o)
 .stack.descriptors.hdr
                0x00000000000000a8        0xe c:/program files/microchip/xc8/v2.32/avr/bin/../lib/gcc/avr/5.4.0/../../../../avr/lib/avrxmega3\libm.a(fp_split3.o)
 .stack.descriptors.hdr
                0x00000000000000b6        0xe c:/program files/microchip/xc8/v2.32/avr/bin/../lib/gcc/avr/5.4.0/../../../../avr/lib/avrxmega3\libm.a(fp_zero.o)
 .stack.descriptors.hdr
                0x00000000000000c4        0xe c:/program files/microchip/xc8/v2.32/avr/bin/../lib/gcc/avr/5.4.0/../../../../avr/lib/avrxmega3\libm.a(mulsf3.o)
 .stack.descriptors.hdr
                0x00000000000000d2        0xe c:/program files/microchip/xc8/v2.32/avr/bin/../lib/gcc/avr/5.4.0/../../../../avr/lib/avrxmega3\libm.a(mulsf3x.o)
 .stack.descriptors.hdr
                0x00000000000000e0        0xe c:/program files/microchip/xc8/v2.32/avr/bin/../lib/gcc/avr/5.4.0/../../../../avr/lib/avrxmega3\libm.a(pow.o)
 .stack.descriptors.hdr
                0x00000000000000ee        0xe c:/program files/microchip/xc8/v2.32/avr/bin/../lib/gcc/avr/5.4.0/../../../../avr/lib/avrxmega3\libm.a(exp.o)
 .stack.descriptors.hdr
                0x00000000000000fc        0xe c:/program files/microchip/xc8/v2.32/avr/bin/../lib/gcc/avr/5.4.0/../../../../avr/lib/avrxmega3\libm.a(fp_powser.o)
 .stack.descriptors.hdr
                0x000000000000010a        0xe c:/program files/microchip/xc8/v2.32/avr/bin/../lib/gcc/avr/5.4.0/../../../../avr/lib/avrxmega3\libm.a(inverse.o)
 .stack.descriptors.hdr
                0x0000000000000118        0xe c:/program files/microchip/xc8/v2.32/avr/bin/../lib/gcc/avr/5.4.0/../../../../avr/lib/avrxmega3\libm.a(ldexp.o)
 .stack.descriptors.hdr
                0x0000000000000126        0xe c:/program files/microchip/xc8/v2.32/avr/bin/../lib/gcc/avr/5.4.0/../../../../avr/lib/avrxmega3\libm.a(log.o)
 .stack.descriptors.hdr
                0x0000000000000134        0xe c:/program files/microchip/xc8/v2.32/avr/bin/../lib/gcc/avr/5.4.0/../../../../avr/lib/avrxmega3\libm.a(modf.o)
 .stack.descriptors.hdr
                0x0000000000000142        0xe c:/program files/microchip/xc8/v2.32/avr/bin/../lib/gcc/avr/5.4.0/../../../../avr/lib/avrxmega3\libm.a(fp_mpack.o)
 .stack.descriptors.hdr
                0x0000000000000150        0xe c:/program files/microchip/xc8/v2.32/avr/bin/../lib/gcc/avr/5.4.0/avrxmega3\libgcc.a(_mulsi3.o)
 .stack.descriptors.hdr
                0x000000000000015e        0xe c:/program files/microchip/xc8/v2.32/avr/bin/../lib/gcc/avr/5.4.0/avrxmega3\libgcc.a(_udivmodsi4.o)
 .stack.descriptors.hdr
                0x000000000000016c        0xe c:/program files/microchip/xc8/v2.32/avr/bin/../lib/gcc/avr/5.4.0/avrxmega3\libgcc.a(_exit.o)
 .stack.descriptors.hdr
                0x000000000000017a        0xe c:/program files/microchip/xc8/v2.32/avr/bin/../lib/gcc/avr/5.4.0/avrxmega3\libgcc.a(_umulhisi3.o)
 .stack.descriptors.hdr
                0x0000000000000188        0xe c:/program files/microchip/xc8/v2.32/avr/bin/../lib/gcc/avr/5.4.0/avrxmega3\libgcc.a(_muluhisi3.o)
 .stack.descriptors.hdr
                0x0000000000000196        0xe c:/program files/microchip/xc8/v2.32/avr/bin/../lib/gcc/avr/5.4.0/avrxmega3\libgcc.a(_mulshisi3.o)
 .stack.descriptors.hdr
                0x00000000000001a4        0xe c:/program files/microchip/xc8/v2.32/avr/bin/../lib/gcc/avr/5.4.0/../../../../avr/lib/avrxmega3\libc.a(iob.o)
 .stack.descriptors.hdr
                0x00000000000001b2        0xe c:/program files/microchip/xc8/v2.32/avr/bin/../lib/gcc/avr/5.4.0/../../../../avr/lib/avrxmega3\libc.a(printf.o)
 .stack.descriptors.hdr
                0x00000000000001c0        0xe c:/program files/microchip/xc8/v2.32/avr/bin/../lib/gcc/avr/5.4.0/../../../../avr/lib/avrxmega3\libc.a(puts.o)
 .stack.descriptors.hdr
                0x00000000000001ce        0xe c:/program files/microchip/xc8/v2.32/avr/bin/../lib/gcc/avr/5.4.0/../../../../avr/lib/avrxmega3\libc.a(vfprintf_std.o)
 .stack.descriptors.hdr
                0x00000000000001dc        0xe c:/program files/microchip/xc8/v2.32/avr/bin/../lib/gcc/avr/5.4.0/../../../../avr/lib/avrxmega3\libc.a(strnlen_P.o)
 .stack.descriptors.hdr
                0x00000000000001ea        0xe c:/program files/microchip/xc8/v2.32/avr/bin/../lib/gcc/avr/5.4.0/../../../../avr/lib/avrxmega3\libc.a(strnlen.o)
 .stack.descriptors.hdr
                0x00000000000001f8        0xe c:/program files/microchip/xc8/v2.32/avr/bin/../lib/gcc/avr/5.4.0/../../../../avr/lib/avrxmega3\libc.a(fputc.o)
 .stack.descriptors.hdr
                0x0000000000000206        0xe c:/program files/microchip/xc8/v2.32/avr/bin/../lib/gcc/avr/5.4.0/../../../../avr/lib/avrxmega3\libc.a(ultoa_invert.o)

.note.gnu.build-id
 *(.note.gnu.build-id)

.debug
 *(.debug)

.line
 *(.line)

.debug_srcinfo
 *(.debug_srcinfo)

.debug_sfnames
 *(.debug_sfnames)

.debug_aranges  0x0000000000000000      0x6d0
 *(.debug_aranges)
 .debug_aranges
                0x0000000000000000       0xb8 build/default/production/mcc_generated_files/adc/src/adc0.o
 .debug_aranges
                0x00000000000000b8       0x20 build/default/production/mcc_generated_files/system/src/clock.o
 .debug_aranges
                0x00000000000000d8       0x18 build/default/production/mcc_generated_files/system/src/config_bits.o
 .debug_aranges
                0x00000000000000f0       0x20 build/default/production/mcc_generated_files/system/src/interrupt.o
 .debug_aranges
                0x0000000000000110       0x20 build/default/production/mcc_generated_files/system/src/system.o
 .debug_aranges
                0x0000000000000130       0x20 build/default/production/mcc_generated_files/system/src/protected_io.o
 .debug_aranges
                0x0000000000000150       0xe8 build/default/production/mcc_generated_files/system/src/pins.o
 .debug_aranges
                0x0000000000000238       0xc0 build/default/production/mcc_generated_files/uart/src/usart0.o
 .debug_aranges
                0x00000000000002f8       0xb8 build/default/production/mcc_generated_files/uart/src/usart1.o
 .debug_aranges
                0x00000000000003b0       0x20 build/default/production/mcc_generated_files/vref/src/vref.o
 .debug_aranges
                0x00000000000003d0       0x40 build/default/production/main.o
 .debug_aranges
                0x0000000000000410       0x70 build/default/production/TWI.o
 .debug_aranges
                0x0000000000000480       0x90 build/default/production/bme280.o
 .debug_aranges
                0x0000000000000510       0xa0 build/default/production/state.o
 .debug_aranges
                0x00000000000005b0       0x80 build/default/production/lr2.o
 .debug_aranges
                0x0000000000000630       0x40 build/default/production/LR2_ringBuffer.o
 .debug_aranges
                0x0000000000000670       0x60 build/default/production/TERM_ringBuffer.o

.debug_pubnames
 *(.debug_pubnames)

.debug_info     0x0000000000000000     0xd03c
 *(.debug_info .gnu.linkonce.wi.*)
 .debug_info    0x0000000000000000     0x1b97 C:/Users/C70348/.mchp_packs/Microchip/ATtiny_DFP/3.0.151/xc8/avr/lib/avrxmega3/crtattiny3226.o
 .debug_info    0x0000000000001b97      0xfa7 build/default/production/mcc_generated_files/adc/src/adc0.o
 .debug_info    0x0000000000002b3e      0x675 build/default/production/mcc_generated_files/system/src/clock.o
 .debug_info    0x00000000000031b3      0x813 build/default/production/mcc_generated_files/system/src/config_bits.o
 .debug_info    0x00000000000039c6      0x3db build/default/production/mcc_generated_files/system/src/interrupt.o
 .debug_info    0x0000000000003da1      0x32c build/default/production/mcc_generated_files/system/src/system.o
 .debug_info    0x00000000000040cd       0xa5 build/default/production/mcc_generated_files/system/src/protected_io.o
 .debug_info    0x0000000000004172      0xd96 build/default/production/mcc_generated_files/system/src/pins.o
 .debug_info    0x0000000000004f08      0xed1 build/default/production/mcc_generated_files/uart/src/usart0.o
 .debug_info    0x0000000000005dd9      0xd18 build/default/production/mcc_generated_files/uart/src/usart1.o
 .debug_info    0x0000000000006af1      0x31b build/default/production/mcc_generated_files/vref/src/vref.o
 .debug_info    0x0000000000006e0c     0x17b4 build/default/production/main.o
 .debug_info    0x00000000000085c0      0xb33 build/default/production/TWI.o
 .debug_info    0x00000000000090f3      0xce1 build/default/production/bme280.o
 .debug_info    0x0000000000009dd4     0x17ea build/default/production/state.o
 .debug_info    0x000000000000b5be      0xfb0 build/default/production/lr2.o
 .debug_info    0x000000000000c56e      0x3cc build/default/production/LR2_ringBuffer.o
 .debug_info    0x000000000000c93a      0x702 build/default/production/TERM_ringBuffer.o

.debug_abbrev   0x0000000000000000     0x3202
 *(.debug_abbrev)
 .debug_abbrev  0x0000000000000000     0x1a20 C:/Users/C70348/.mchp_packs/Microchip/ATtiny_DFP/3.0.151/xc8/avr/lib/avrxmega3/crtattiny3226.o
 .debug_abbrev  0x0000000000001a20      0x21a build/default/production/mcc_generated_files/adc/src/adc0.o
 .debug_abbrev  0x0000000000001c3a      0x11d build/default/production/mcc_generated_files/system/src/clock.o
 .debug_abbrev  0x0000000000001d57       0x97 build/default/production/mcc_generated_files/system/src/config_bits.o
 .debug_abbrev  0x0000000000001dee       0xfa build/default/production/mcc_generated_files/system/src/interrupt.o
 .debug_abbrev  0x0000000000001ee8       0x58 build/default/production/mcc_generated_files/system/src/system.o
 .debug_abbrev  0x0000000000001f40       0x14 build/default/production/mcc_generated_files/system/src/protected_io.o
 .debug_abbrev  0x0000000000001f54      0x162 build/default/production/mcc_generated_files/system/src/pins.o
 .debug_abbrev  0x00000000000020b6      0x2e8 build/default/production/mcc_generated_files/uart/src/usart0.o
 .debug_abbrev  0x000000000000239e      0x26b build/default/production/mcc_generated_files/uart/src/usart1.o
 .debug_abbrev  0x0000000000002609       0x8c build/default/production/mcc_generated_files/vref/src/vref.o
 .debug_abbrev  0x0000000000002695      0x182 build/default/production/main.o
 .debug_abbrev  0x0000000000002817      0x191 build/default/production/TWI.o
 .debug_abbrev  0x00000000000029a8      0x193 build/default/production/bme280.o
 .debug_abbrev  0x0000000000002b3b      0x31e build/default/production/state.o
 .debug_abbrev  0x0000000000002e59      0x14c build/default/production/lr2.o
 .debug_abbrev  0x0000000000002fa5       0xda build/default/production/LR2_ringBuffer.o
 .debug_abbrev  0x000000000000307f      0x183 build/default/production/TERM_ringBuffer.o

.debug_line     0x0000000000000000     0x32a2
 *(.debug_line .debug_line.* .debug_line_end)
 .debug_line    0x0000000000000000      0x14b C:/Users/C70348/.mchp_packs/Microchip/ATtiny_DFP/3.0.151/xc8/avr/lib/avrxmega3/crtattiny3226.o
 .debug_line    0x000000000000014b      0x3c8 build/default/production/mcc_generated_files/adc/src/adc0.o
 .debug_line    0x0000000000000513      0x161 build/default/production/mcc_generated_files/system/src/clock.o
 .debug_line    0x0000000000000674       0xe6 build/default/production/mcc_generated_files/system/src/config_bits.o
 .debug_line    0x000000000000075a      0x179 build/default/production/mcc_generated_files/system/src/interrupt.o
 .debug_line    0x00000000000008d3      0x178 build/default/production/mcc_generated_files/system/src/system.o
 .debug_line    0x0000000000000a4b       0x6d build/default/production/mcc_generated_files/system/src/protected_io.o
 .debug_line    0x0000000000000ab8      0x4a9 build/default/production/mcc_generated_files/system/src/pins.o
 .debug_line    0x0000000000000f61      0x494 build/default/production/mcc_generated_files/uart/src/usart0.o
 .debug_line    0x00000000000013f5      0x45a build/default/production/mcc_generated_files/uart/src/usart1.o
 .debug_line    0x000000000000184f       0xff build/default/production/mcc_generated_files/vref/src/vref.o
 .debug_line    0x000000000000194e      0x211 build/default/production/main.o
 .debug_line    0x0000000000001b5f      0x3bd build/default/production/TWI.o
 .debug_line    0x0000000000001f1c      0x3b0 build/default/production/bme280.o
 .debug_line    0x00000000000022cc      0x6a8 build/default/production/state.o
 .debug_line    0x0000000000002974      0x502 build/default/production/lr2.o
 .debug_line    0x0000000000002e76      0x149 build/default/production/LR2_ringBuffer.o
 .debug_line    0x0000000000002fbf      0x2e3 build/default/production/TERM_ringBuffer.o

.debug_frame    0x0000000000000000     0x10dc
 *(.debug_frame)
 .debug_frame   0x0000000000000000      0x190 build/default/production/mcc_generated_files/adc/src/adc0.o
 .debug_frame   0x0000000000000190       0x24 build/default/production/mcc_generated_files/system/src/clock.o
 .debug_frame   0x00000000000001b4       0x24 build/default/production/mcc_generated_files/system/src/interrupt.o
 .debug_frame   0x00000000000001d8       0x24 build/default/production/mcc_generated_files/system/src/system.o
 .debug_frame   0x00000000000001fc      0x298 build/default/production/mcc_generated_files/system/src/pins.o
 .debug_frame   0x0000000000000494      0x16c build/default/production/mcc_generated_files/uart/src/usart0.o
 .debug_frame   0x0000000000000600      0x154 build/default/production/mcc_generated_files/uart/src/usart1.o
 .debug_frame   0x0000000000000754       0x24 build/default/production/mcc_generated_files/vref/src/vref.o
 .debug_frame   0x0000000000000778       0x64 build/default/production/main.o
 .debug_frame   0x00000000000007dc      0x12c build/default/production/TWI.o
 .debug_frame   0x0000000000000908      0x238 build/default/production/bme280.o
 .debug_frame   0x0000000000000b40      0x2dc build/default/production/state.o
 .debug_frame   0x0000000000000e1c      0x158 build/default/production/lr2.o
 .debug_frame   0x0000000000000f74       0x74 build/default/production/LR2_ringBuffer.o
 .debug_frame   0x0000000000000fe8       0xf4 build/default/production/TERM_ringBuffer.o

.debug_str      0x0000000000000000     0x10ba
 *(.debug_str)
 .debug_str     0x0000000000000000      0xbdd C:/Users/C70348/.mchp_packs/Microchip/ATtiny_DFP/3.0.151/xc8/avr/lib/avrxmega3/crtattiny3226.o
 .debug_str     0x0000000000000bdd       0x11 build/default/production/mcc_generated_files/adc/src/adc0.o
 .debug_str     0x0000000000000bee       0x13 build/default/production/mcc_generated_files/system/src/clock.o
 .debug_str     0x0000000000000c01        0x0 build/default/production/mcc_generated_files/system/src/config_bits.o
 .debug_str     0x0000000000000c01       0x13 build/default/production/mcc_generated_files/system/src/interrupt.o
 .debug_str     0x0000000000000c14       0x7e build/default/production/mcc_generated_files/system/src/system.o
 .debug_str     0x0000000000000c92       0x25 build/default/production/mcc_generated_files/system/src/pins.o
 .debug_str     0x0000000000000cb7       0x10 build/default/production/mcc_generated_files/uart/src/usart0.o
 .debug_str     0x0000000000000cc7       0x10 build/default/production/mcc_generated_files/uart/src/usart1.o
 .debug_str     0x0000000000000cd7        0x0 build/default/production/mcc_generated_files/vref/src/vref.o
 .debug_str     0x0000000000000cd7       0x6e build/default/production/main.o
 .debug_str     0x0000000000000d45       0x20 build/default/production/TWI.o
 .debug_str     0x0000000000000d65       0x2d build/default/production/bme280.o
 .debug_str     0x0000000000000d92      0x240 build/default/production/state.o
 .debug_str     0x0000000000000fd2       0xc7 build/default/production/lr2.o
 .debug_str     0x0000000000001099        0x0 build/default/production/LR2_ringBuffer.o
 .debug_str     0x0000000000001099       0x21 build/default/production/TERM_ringBuffer.o

.debug_loc      0x0000000000000000     0x1a14
 *(.debug_loc)
 .debug_loc     0x0000000000000000      0x12e build/default/production/mcc_generated_files/adc/src/adc0.o
 .debug_loc     0x000000000000012e      0x11f build/default/production/mcc_generated_files/system/src/clock.o
 .debug_loc     0x000000000000024d       0x2a build/default/production/mcc_generated_files/system/src/interrupt.o
 .debug_loc     0x0000000000000277       0x64 build/default/production/mcc_generated_files/uart/src/usart0.o
 .debug_loc     0x00000000000002db      0x496 build/default/production/TWI.o
 .debug_loc     0x0000000000000771      0x76f build/default/production/bme280.o
 .debug_loc     0x0000000000000ee0      0x37c build/default/production/state.o
 .debug_loc     0x000000000000125c      0x578 build/default/production/lr2.o
 .debug_loc     0x00000000000017d4       0x7c build/default/production/LR2_ringBuffer.o
 .debug_loc     0x0000000000001850      0x1c4 build/default/production/TERM_ringBuffer.o

.debug_macinfo
 *(.debug_macinfo)

.debug_weaknames
 *(.debug_weaknames)

.debug_funcnames
 *(.debug_funcnames)

.debug_typenames
 *(.debug_typenames)

.debug_varnames
 *(.debug_varnames)

.debug_pubtypes
 *(.debug_pubtypes)

.debug_ranges   0x0000000000000000      0x5a8
 *(.debug_ranges)
 .debug_ranges  0x0000000000000000       0xa8 build/default/production/mcc_generated_files/adc/src/adc0.o
 .debug_ranges  0x00000000000000a8       0x10 build/default/production/mcc_generated_files/system/src/clock.o
 .debug_ranges  0x00000000000000b8       0x10 build/default/production/mcc_generated_files/system/src/interrupt.o
 .debug_ranges  0x00000000000000c8       0x10 build/default/production/mcc_generated_files/system/src/system.o
 .debug_ranges  0x00000000000000d8       0xd8 build/default/production/mcc_generated_files/system/src/pins.o
 .debug_ranges  0x00000000000001b0       0xb0 build/default/production/mcc_generated_files/uart/src/usart0.o
 .debug_ranges  0x0000000000000260       0xa8 build/default/production/mcc_generated_files/uart/src/usart1.o
 .debug_ranges  0x0000000000000308       0x10 build/default/production/mcc_generated_files/vref/src/vref.o
 .debug_ranges  0x0000000000000318       0x30 build/default/production/main.o
 .debug_ranges  0x0000000000000348       0x60 build/default/production/TWI.o
 .debug_ranges  0x00000000000003a8       0x80 build/default/production/bme280.o
 .debug_ranges  0x0000000000000428       0x90 build/default/production/state.o
 .debug_ranges  0x00000000000004b8       0x70 build/default/production/lr2.o
 .debug_ranges  0x0000000000000528       0x30 build/default/production/LR2_ringBuffer.o
 .debug_ranges  0x0000000000000558       0x50 build/default/production/TERM_ringBuffer.o

.debug_macro
 *(.debug_macro)
OUTPUT(dist/default/production/attiny3226-iot-world-demo.X.production.elf elf32-avr)
LOAD linker stubs
LOAD data_init

.note.gnu.avr.deviceinfo
                0x0000000000000000       0x40
 .note.gnu.avr.deviceinfo
                0x0000000000000000       0x40 C:/Users/C70348/.mchp_packs/Microchip/ATtiny_DFP/3.0.151/xc8/avr/lib/avrxmega3/crtattiny3226.o

.bss.PC3_InterruptHandler
                0x00000000008036ce        0x2
 .bss.PC3_InterruptHandler
                0x00000000008036ce        0x2 build/default/production/mcc_generated_files/system/src/pins.o

.bss.PC2_InterruptHandler
                0x00000000008036d0        0x2
 .bss.PC2_InterruptHandler
                0x00000000008036d0        0x2 build/default/production/mcc_generated_files/system/src/pins.o

.bss.PC0_InterruptHandler
                0x00000000008036d2        0x2
 .bss.PC0_InterruptHandler
                0x00000000008036d2        0x2 build/default/production/mcc_generated_files/system/src/pins.o

.bss.PB5_InterruptHandler
                0x00000000008036d4        0x2
 .bss.PB5_InterruptHandler
                0x00000000008036d4        0x2 build/default/production/mcc_generated_files/system/src/pins.o

.bss.PA3_InterruptHandler
                0x00000000008036d6        0x2
 .bss.PA3_InterruptHandler
                0x00000000008036d6        0x2 build/default/production/mcc_generated_files/system/src/pins.o

.bss.PC1_InterruptHandler
                0x00000000008036d8        0x2
 .bss.PC1_InterruptHandler
                0x00000000008036d8        0x2 build/default/production/mcc_generated_files/system/src/pins.o

.bss.PB2_InterruptHandler
                0x00000000008036da        0x2
 .bss.PB2_InterruptHandler
                0x00000000008036da        0x2 build/default/production/mcc_generated_files/system/src/pins.o

.bss.PB3_InterruptHandler
                0x00000000008036dc        0x2
 .bss.PB3_InterruptHandler
                0x00000000008036dc        0x2 build/default/production/mcc_generated_files/system/src/pins.o

.bss.PA1_InterruptHandler
                0x00000000008036de        0x2
 .bss.PA1_InterruptHandler
                0x00000000008036de        0x2 build/default/production/mcc_generated_files/system/src/pins.o

.bss.PA2_InterruptHandler
                0x00000000008036e0        0x2
 .bss.PA2_InterruptHandler
                0x00000000008036e0        0x2 build/default/production/mcc_generated_files/system/src/pins.o

.bss.PA7_InterruptHandler
                0x00000000008036e2        0x2
 .bss.PA7_InterruptHandler
                0x00000000008036e2        0x2 build/default/production/mcc_generated_files/system/src/pins.o

.bss.usart0RxLastError
                0x00000000008036e4        0x2
 .bss.usart0RxLastError
                0x00000000008036e4        0x2 build/default/production/mcc_generated_files/uart/src/usart0.o

.bss.usart1RxLastError
                0x00000000008036e6        0x2
 .bss.usart1RxLastError
                0x00000000008036e6        0x2 build/default/production/mcc_generated_files/uart/src/usart1.o

.bss.data       0x00000000008036bf        0x7
 .bss.data      0x00000000008036bf        0x7 build/default/production/state.o

.bss.numTx      0x00000000008036e8        0x2
 .bss.numTx     0x00000000008036e8        0x2 build/default/production/state.o
                0x00000000008036e8                numTx

.bss.secs       0x00000000008036c6        0x4
 .bss.secs      0x00000000008036c6        0x4 build/default/production/state.o
                0x00000000008036c6                secs

.bss.millis     0x00000000008036ca        0x4
 .bss.millis    0x00000000008036ca        0x4 build/default/production/state.o
                0x00000000008036ca                millis

.bss.event_flags
                0x00000000008036ea        0x2
 .bss.event_flags
                0x00000000008036ea        0x2 build/default/production/state.o

.bss.weather_initialized
                0x00000000008036ee        0x1
 .bss.weather_initialized
                0x00000000008036ee        0x1 build/default/production/state.o
                0x00000000008036ee                weather_initialized

.bss.numTest    0x00000000008036ec        0x2
 .bss.numTest   0x00000000008036ec        0x2 build/default/production/state.o
                0x00000000008036ec                numTest

.bss.state      0x00000000008036ef        0x1
 .bss.state     0x00000000008036ef        0x1 build/default/production/state.o

.bss.Tail       0x00000000008036f0        0x1
 .bss.Tail      0x00000000008036f0        0x1 build/default/production/LR2_ringBuffer.o

.bss.Head       0x00000000008036f1        0x1
 .bss.Head      0x00000000008036f1        0x1 build/default/production/LR2_ringBuffer.o

.bss.Buffer     0x00000000008034b1      0x100
 .bss.Buffer    0x00000000008034b1      0x100 build/default/production/LR2_ringBuffer.o

.bss.tail       0x00000000008036f2        0x1
 .bss.tail      0x00000000008036f2        0x1 build/default/production/TERM_ringBuffer.o

.bss.head       0x00000000008036f3        0x1
 .bss.head      0x00000000008036f3        0x1 build/default/production/TERM_ringBuffer.o

.bss.Buffer     0x00000000008035b1      0x100
 .bss.Buffer    0x00000000008035b1      0x100 build/default/production/TERM_ringBuffer.o

.text.avrlibc   0x0000000000000160      0x3c2
 .text.avrlibc  0x0000000000000160      0x3c2 c:/program files/microchip/xc8/v2.32/avr/bin/../lib/gcc/avr/5.4.0/../../../../avr/lib/avrxmega3\libc.a(vfprintf_std.o)
                0x0000000000000160                vfprintf

.rodata         0x0000000000808522      0x304 load address 0x0000000000000522
 .rodata        0x0000000000808522      0x304 build/default/production/lr2.o

.text.BME280_compensatePressure
                0x0000000000000826      0x2b0
 .text.BME280_compensatePressure
                0x0000000000000826      0x2b0 build/default/production/bme280.o
                0x0000000000000826                BME280_compensatePressure

.text.stateMachine
                0x0000000000000ad6      0x240
 .text.stateMachine
                0x0000000000000ad6      0x240 build/default/production/state.o
                0x0000000000000ad6                stateMachine

.rodata         0x0000000000808d16      0x238 load address 0x0000000000000d16
 .rodata        0x0000000000808d16      0x238 build/default/production/state.o

.text.BME280_compensateHumidity
                0x0000000000000f4e      0x1f8
 .text.BME280_compensateHumidity
                0x0000000000000f4e      0x1f8 build/default/production/bme280.o
                0x0000000000000f4e                BME280_compensateHumidity

.text.formatPayload
                0x0000000000001146      0x1e0
 .text.formatPayload
                0x0000000000001146      0x1e0 build/default/production/state.o
                0x0000000000001146                formatPayload

.text.BME280_readFactoryCalibrationParams
                0x0000000000001326      0x180
 .text.BME280_readFactoryCalibrationParams
                0x0000000000001326      0x180 build/default/production/bme280.o
                0x0000000000001326                BME280_readFactoryCalibrationParams

.text.BME280_compensateTemperature
                0x00000000000014a6      0x128
 .text.BME280_compensateTemperature
                0x00000000000014a6      0x128 build/default/production/bme280.o
                0x00000000000014a6                BME280_compensateTemperature

.text.BME280_readMeasurements
                0x00000000000015ce      0x11e
 .text.BME280_readMeasurements
                0x00000000000015ce      0x11e build/default/production/bme280.o
                0x00000000000015ce                BME280_readMeasurements

.text.PIN_MANAGER_Initialize
                0x00000000000016ec      0x10e
 .text.PIN_MANAGER_Initialize
                0x00000000000016ec      0x10e build/default/production/mcc_generated_files/system/src/pins.o
                0x00000000000016ec                PIN_MANAGER_Initialize

.text.avrlibc.fplib
                0x00000000000017fa       0xde
 .text.avrlibc.fplib
                0x00000000000017fa       0xde c:/program files/microchip/xc8/v2.32/avr/bin/../lib/gcc/avr/5.4.0/../../../../avr/lib/avrxmega3\libm.a(divsf3x.o)
                0x00000000000017fa                __divsf3x
                0x0000000000001822                __divsf3_pse

.text.printSensorData
                0x00000000000018d8       0xd4
 .text.printSensorData
                0x00000000000018d8       0xd4 build/default/production/state.o
                0x00000000000018d8                printSensorData

.text.avrlibc.fplib
                0x00000000000019ac       0xd4
 .text.avrlibc.fplib
                0x00000000000019ac       0xd4 c:/program files/microchip/xc8/v2.32/avr/bin/../lib/gcc/avr/5.4.0/../../../../avr/lib/avrxmega3\libm.a(mulsf3x.o)
                0x00000000000019ac                __mulsf3x
                0x00000000000019d2                __mulsf3_pse

.text.avrlibc.fplib
                0x0000000000001a80       0xce
 .text.avrlibc.fplib
                0x0000000000001a80       0xce c:/program files/microchip/xc8/v2.32/avr/bin/../lib/gcc/avr/5.4.0/../../../../avr/lib/avrxmega3\libm.a(addsf3x.o)
                0x0000000000001a80                __addsf3x

.text.avrlibc   0x0000000000001b4e       0xbc
 .text.avrlibc  0x0000000000001b4e       0xbc c:/program files/microchip/xc8/v2.32/avr/bin/../lib/gcc/avr/5.4.0/../../../../avr/lib/avrxmega3\libc.a(ultoa_invert.o)
                0x0000000000001b4e                __ultoa_invert

.text.avrlibc.fplib
                0x0000000000001c0a       0xa2
 .text.avrlibc.fplib
                0x0000000000001c0a       0xa2 c:/program files/microchip/xc8/v2.32/avr/bin/../lib/gcc/avr/5.4.0/../../../../avr/lib/avrxmega3\libm.a(log.o)
                0x0000000000001c0a                log

.text.avrlibc.fplib
                0x0000000000001cac       0xa0
 .text.avrlibc.fplib
                0x0000000000001cac       0xa0 c:/program files/microchip/xc8/v2.32/avr/bin/../lib/gcc/avr/5.4.0/../../../../avr/lib/avrxmega3\libm.a(pow.o)
                0x0000000000001cac                pow

.text.BME280_getPressure
                0x0000000000001d4c       0x92
 .text.BME280_getPressure
                0x0000000000001d4c       0x92 build/default/production/bme280.o
                0x0000000000001d4c                BME280_getPressure

.text.TWI_sendAndReadBytes
                0x0000000000001dde       0x90
 .text.TWI_sendAndReadBytes
                0x0000000000001dde       0x90 build/default/production/TWI.o
                0x0000000000001dde                TWI_sendAndReadBytes

.text.LR2_config_abp
                0x0000000000001e6e       0x8a
 .text.LR2_config_abp
                0x0000000000001e6e       0x8a build/default/production/lr2.o
                0x0000000000001e6e                LR2_config_abp

.text.LR2_reset
                0x0000000000001ef8       0x84
 .text.LR2_reset
                0x0000000000001ef8       0x84 build/default/production/lr2.o
                0x0000000000001ef8                LR2_reset

.text.__vector_6
                0x0000000000001f7c       0x80
 .text.__vector_6
                0x0000000000001f7c       0x80 build/default/production/mcc_generated_files/system/src/pins.o
                0x0000000000001f7c                __vector_6

.text.__vector_24
                0x0000000000001ffc       0x80
 .text.__vector_24
                0x0000000000001ffc       0x80 build/default/production/mcc_generated_files/system/src/pins.o
                0x0000000000001ffc                __vector_24

.text.avrlibc   0x000000000000207c       0x80
 .text.avrlibc  0x000000000000207c       0x80 c:/program files/microchip/xc8/v2.32/avr/bin/../lib/gcc/avr/5.4.0/../../../../avr/lib/avrxmega3\libc.a(puts.o)
                0x000000000000207c                puts

.text.avrlibc.fplib
                0x00000000000020fc       0x7a
 .text.avrlibc.fplib
                0x00000000000020fc       0x7a c:/program files/microchip/xc8/v2.32/avr/bin/../lib/gcc/avr/5.4.0/../../../../avr/lib/avrxmega3\libm.a(floatsisf.o)
                0x00000000000020fc                __floatunsisf
                0x0000000000002100                __floatsisf

.text.avrlibc   0x0000000000002176       0x78
 .text.avrlibc  0x0000000000002176       0x78 c:/program files/microchip/xc8/v2.32/avr/bin/../lib/gcc/avr/5.4.0/../../../../avr/lib/avrxmega3\libc.a(fputc.o)
                0x0000000000002176                fputc

.text.avrlibc.fplib
                0x00000000000021ee       0x76
 .text.avrlibc.fplib
                0x00000000000021ee       0x76 c:/program files/microchip/xc8/v2.32/avr/bin/../lib/gcc/avr/5.4.0/../../../../avr/lib/avrxmega3\libm.a(exp.o)
                0x00000000000021ee                exp

.text.avrlibc.fplib
                0x0000000000002264       0x76
 .text.avrlibc.fplib
                0x0000000000002264       0x76 c:/program files/microchip/xc8/v2.32/avr/bin/../lib/gcc/avr/5.4.0/../../../../avr/lib/avrxmega3\libm.a(ldexp.o)
                0x0000000000002264                ldexp

.text.__vector_7
                0x00000000000022da       0x72
 .text.__vector_7
                0x00000000000022da       0x72 build/default/production/mcc_generated_files/system/src/pins.o
                0x00000000000022da                __vector_7

.text.LR2_sendAppSKey
                0x000000000000234c       0x68
 .text.LR2_sendAppSKey
                0x000000000000234c       0x68 build/default/production/lr2.o
                0x000000000000234c                LR2_sendAppSKey

.text.LR2_tx_buff_Push_Str
                0x00000000000023b4       0x68
 .text.LR2_tx_buff_Push_Str
                0x00000000000023b4       0x68 build/default/production/LR2_ringBuffer.o
                0x00000000000023b4                LR2_tx_buff_Push_Str

.text.TERM_sendStringRaw
                0x000000000000241c       0x68
 .text.TERM_sendStringRaw
                0x000000000000241c       0x68 build/default/production/TERM_ringBuffer.o
                0x000000000000241c                TERM_sendStringRaw

.text.avrlibc.fplib
                0x0000000000002484       0x68
 .text.avrlibc.fplib
                0x0000000000002484       0x68 c:/program files/microchip/xc8/v2.32/avr/bin/../lib/gcc/avr/5.4.0/../../../../avr/lib/avrxmega3\libm.a(modf.o)
                0x0000000000002484                modf
                0x0000000000002484                modff

.text.BME280_initializeSensor
                0x00000000000024ec       0x62
 .text.BME280_initializeSensor
                0x00000000000024ec       0x62 build/default/production/bme280.o
                0x00000000000024ec                BME280_initializeSensor

.text.LR2_sendStringCmd
                0x000000000000254e       0x5e
 .text.LR2_sendStringCmd
                0x000000000000254e       0x5e build/default/production/lr2.o
                0x000000000000254e                LR2_sendStringCmd

.text.avrlibc.fplib
                0x00000000000025ac       0x5e
 .text.avrlibc.fplib
                0x00000000000025ac       0x5e c:/program files/microchip/xc8/v2.32/avr/bin/../lib/gcc/avr/5.4.0/../../../../avr/lib/avrxmega3\libm.a(fixunssfsi.o)
                0x00000000000025ac                __fixunssfsi

.text.__vector_13
                0x000000000000260a       0x5c
 .text.__vector_13
                0x000000000000260a       0x5c build/default/production/state.o
                0x000000000000260a                __vector_13

.text.__vector_4
                0x0000000000002666       0x5c
 .text.__vector_4
                0x0000000000002666       0x5c build/default/production/state.o
                0x0000000000002666                __vector_4

.text.__vector_25
                0x00000000000026c2       0x5c
 .text.__vector_25
                0x00000000000026c2       0x5c build/default/production/state.o
                0x00000000000026c2                __vector_25

.text.USART0_Initialize
                0x000000000000271e       0x58
 .text.USART0_Initialize
                0x000000000000271e       0x58 build/default/production/mcc_generated_files/uart/src/usart0.o
                0x000000000000271e                USART0_Initialize

.text.LR2_sendNwkSKey
                0x0000000000002776       0x58
 .text.LR2_sendNwkSKey
                0x0000000000002776       0x58 build/default/production/lr2.o
                0x0000000000002776                LR2_sendNwkSKey

.text.CLOCK_Initialize
                0x00000000000027ce       0x56
 .text.CLOCK_Initialize
                0x00000000000027ce       0x56 build/default/production/mcc_generated_files/system/src/clock.o
                0x00000000000027ce                CLOCK_Initialize

.text._readFromTWI
                0x0000000000002824       0x56
 .text._readFromTWI
                0x0000000000002824       0x56 build/default/production/TWI.o
                0x0000000000002824                _readFromTWI

.text.sendAndReceiveBuffers
                0x000000000000287a       0x52
 .text.sendAndReceiveBuffers
                0x000000000000287a       0x52 build/default/production/state.o
                0x000000000000287a                sendAndReceiveBuffers

.text._writeToTWI
                0x00000000000028cc       0x4e
 .text._writeToTWI
                0x00000000000028cc       0x4e build/default/production/TWI.o
                0x00000000000028cc                _writeToTWI

.text.avrlibc.fplib
                0x000000000000291a       0x4e
 .text.avrlibc.fplib
                0x000000000000291a       0x4e c:/program files/microchip/xc8/v2.32/avr/bin/../lib/gcc/avr/5.4.0/../../../../avr/lib/avrxmega3\libm.a(fp_powser.o)
                0x000000000000291a                __fp_powser

.text.USART1_Initialize
                0x0000000000002968       0x4c
 .text.USART1_Initialize
                0x0000000000002968       0x4c build/default/production/mcc_generated_files/uart/src/usart1.o
                0x0000000000002968                USART1_Initialize

.text._startTWI
                0x00000000000029b4       0x4a
 .text._startTWI
                0x00000000000029b4       0x4a build/default/production/TWI.o
                0x00000000000029b4                _startTWI

.text.getSensorData
                0x00000000000029fe       0x4a
 .text.getSensorData
                0x00000000000029fe       0x4a build/default/production/state.o
                0x00000000000029fe                getSensorData

.text.avrlibc.fplib
                0x0000000000002a48       0x44
 .text.avrlibc.fplib
                0x0000000000002a48       0x44 c:/program files/microchip/xc8/v2.32/avr/bin/../lib/gcc/avr/5.4.0/../../../../avr/lib/avrxmega3\libm.a(fp_split3.o)
                0x0000000000002a48                __fp_split3
                0x0000000000002a58                __fp_splitA

.text.libgcc.div
                0x0000000000002a8c       0x44
 .text.libgcc.div
                0x0000000000002a8c       0x44 c:/program files/microchip/xc8/v2.32/avr/bin/../lib/gcc/avr/5.4.0/avrxmega3\libgcc.a(_udivmodsi4.o)
                0x0000000000002a8c                __udivmodsi4

.text.map       0x0000000000002ad0       0x3c
 .text.map      0x0000000000002ad0       0x3c build/default/production/state.o
                0x0000000000002ad0                map

.text.LR2_recvRsp
                0x0000000000002b0c       0x3c
 .text.LR2_recvRsp
                0x0000000000002b0c       0x3c build/default/production/lr2.o
                0x0000000000002b0c                LR2_recvRsp

.text.LR2_tx_cnf
                0x0000000000002b48       0x38
 .text.LR2_tx_cnf
                0x0000000000002b48       0x38 build/default/production/lr2.o
                0x0000000000002b48                LR2_tx_cnf

.text.LR2_tx_uncnf
                0x0000000000002b80       0x38
 .text.LR2_tx_uncnf
                0x0000000000002b80       0x38 build/default/production/lr2.o
                0x0000000000002b80                LR2_tx_uncnf

.text.TCB_init  0x0000000000002bb8       0x36
 .text.TCB_init
                0x0000000000002bb8       0x36 build/default/production/main.o
                0x0000000000002bb8                TCB_init

.text.WeatherClick_initialize
                0x0000000000002bee       0x36
 .text.WeatherClick_initialize
                0x0000000000002bee       0x36 build/default/production/state.o
                0x0000000000002bee                WeatherClick_initialize

.text.BME280_startForcedSensing
                0x0000000000002c24       0x34
 .text.BME280_startForcedSensing
                0x0000000000002c24       0x34 build/default/production/bme280.o
                0x0000000000002c24                BME280_startForcedSensing

.text.ADC0_Initialize
                0x0000000000002c58       0x32
 .text.ADC0_Initialize
                0x0000000000002c58       0x32 build/default/production/mcc_generated_files/adc/src/adc0.o
                0x0000000000002c58                ADC0_Initialize

.text.libgcc.prologue
                0x0000000000002c8a       0x32
 .text.libgcc.prologue
                0x0000000000002c8a       0x32 c:/program files/microchip/xc8/v2.32/avr/bin/../lib/gcc/avr/5.4.0/avrxmega3\libgcc.a(_prologue.o)
                0x0000000000002c8a                __prologue_saves__

.text.__vector_21
                0x0000000000002cbc       0x30
 .text.__vector_21
                0x0000000000002cbc       0x30 build/default/production/mcc_generated_files/adc/src/adc0.o
                0x0000000000002cbc                __vector_21

.text.libgcc.prologue
                0x0000000000002cec       0x30
 .text.libgcc.prologue
                0x0000000000002cec       0x30 c:/program files/microchip/xc8/v2.32/avr/bin/../lib/gcc/avr/5.4.0/avrxmega3\libgcc.a(_epilogue.o)
                0x0000000000002cec                __epilogue_restores__

.text.avrlibc   0x0000000000002d1c       0x2c
 .text.avrlibc  0x0000000000002d1c       0x2c c:/program files/microchip/xc8/v2.32/avr/bin/../lib/gcc/avr/5.4.0/../../../../avr/lib/avrxmega3\libc.a(printf.o)
                0x0000000000002d1c                printf

.text.TWI_sendBytes
                0x0000000000002d48       0x2a
 .text.TWI_sendBytes
                0x0000000000002d48       0x2a build/default/production/TWI.o
                0x0000000000002d48                TWI_sendBytes

.text.BME280_reset
                0x0000000000002d72       0x2a
 .text.BME280_reset
                0x0000000000002d72       0x2a build/default/production/bme280.o
                0x0000000000002d72                BME280_reset

.text.LR2_tx_buff_Push
                0x0000000000002d9c       0x2a
 .text.LR2_tx_buff_Push
                0x0000000000002d9c       0x2a build/default/production/LR2_ringBuffer.o
                0x0000000000002d9c                LR2_tx_buff_Push

.text.TERM_tx_buff_Push
                0x0000000000002dc6       0x2a
 .text.TERM_tx_buff_Push
                0x0000000000002dc6       0x2a build/default/production/TERM_ringBuffer.o
                0x0000000000002dc6                TERM_tx_buff_Push

.text.main      0x0000000000002df0       0x24
 .text.main     0x0000000000002df0       0x24 build/default/production/main.o
                0x0000000000002df0                main

.text.getBatteryLevel
                0x0000000000002e14       0x24
 .text.getBatteryLevel
                0x0000000000002e14       0x24 build/default/production/state.o
                0x0000000000002e14                getBatteryLevel

.text.avrlibc.fplib
                0x0000000000002e38       0x22
 .text.avrlibc.fplib
                0x0000000000002e38       0x22 c:/program files/microchip/xc8/v2.32/avr/bin/../lib/gcc/avr/5.4.0/../../../../avr/lib/avrxmega3\libm.a(fp_round.o)
                0x0000000000002e38                __fp_round

.text.libgcc.mul
                0x0000000000002e5a       0x20
 .text.libgcc.mul
                0x0000000000002e5a       0x20 c:/program files/microchip/xc8/v2.32/avr/bin/../lib/gcc/avr/5.4.0/avrxmega3\libgcc.a(_mulsi3.o)
                0x0000000000002e5a                __mulsi3

.text.ADC0_StartConversion
                0x0000000000002e7a       0x1e
 .text.ADC0_StartConversion
                0x0000000000002e7a       0x1e build/default/production/mcc_generated_files/adc/src/adc0.o
                0x0000000000002e7a                ADC0_StartConversion

.text.ADC0_GetConversion
                0x0000000000002e98       0x1e
 .text.ADC0_GetConversion
                0x0000000000002e98       0x1e build/default/production/mcc_generated_files/adc/src/adc0.o
                0x0000000000002e98                ADC0_GetConversion

.text.__vector_23
                0x0000000000002eb6       0x1e
 .text.__vector_23
                0x0000000000002eb6       0x1e build/default/production/mcc_generated_files/adc/src/adc0.o
                0x0000000000002eb6                __vector_23

.text.__vector_22
                0x0000000000002ed4       0x1e
 .text.__vector_22
                0x0000000000002ed4       0x1e build/default/production/mcc_generated_files/adc/src/adc0.o
                0x0000000000002ed4                __vector_22

.text.SYSTEM_Initialize
                0x0000000000002ef2       0x1e
 .text.SYSTEM_Initialize
                0x0000000000002ef2       0x1e build/default/production/mcc_generated_files/system/src/system.o
                0x0000000000002ef2                SYSTEM_Initialize

.text.PORT_init
                0x0000000000002f10       0x1e
 .text.PORT_init
                0x0000000000002f10       0x1e build/default/production/main.o
                0x0000000000002f10                PORT_init

.text.BME280_config
                0x0000000000002f2e       0x1e
 .text.BME280_config
                0x0000000000002f2e       0x1e build/default/production/bme280.o
                0x0000000000002f2e                BME280_config

.text.BUTTON_releaseCallback
                0x0000000000002f4c       0x1e
 .text.BUTTON_releaseCallback
                0x0000000000002f4c       0x1e build/default/production/state.o
                0x0000000000002f4c                BUTTON_releaseCallback

.text.LR2_join_abp
                0x0000000000002f6a       0x1e
 .text.LR2_join_abp
                0x0000000000002f6a       0x1e build/default/production/lr2.o
                0x0000000000002f6a                LR2_join_abp

.text.libgcc.mul
                0x0000000000002f88       0x1e
 .text.libgcc.mul
                0x0000000000002f88       0x1e c:/program files/microchip/xc8/v2.32/avr/bin/../lib/gcc/avr/5.4.0/avrxmega3\libgcc.a(_umulhisi3.o)
                0x0000000000002f88                __umulhisi3

.text.isTWIBad  0x0000000000002fa6       0x1c
 .text.isTWIBad
                0x0000000000002fa6       0x1c build/default/production/TWI.o
                0x0000000000002fa6                isTWIBad

.text.TWI_initHost
                0x0000000000002fc2       0x1c
 .text.TWI_initHost
                0x0000000000002fc2       0x1c build/default/production/TWI.o
                0x0000000000002fc2                TWI_initHost

.text.TERM_sendByte
                0x0000000000002fde       0x1c
 .text.TERM_sendByte
                0x0000000000002fde       0x1c build/default/production/TERM_ringBuffer.o
                0x0000000000002fde                TERM_sendByte

.text.avrlibc.fplib
                0x0000000000002ffa       0x1c
 .text.avrlibc.fplib
                0x0000000000002ffa       0x1c c:/program files/microchip/xc8/v2.32/avr/bin/../lib/gcc/avr/5.4.0/../../../../avr/lib/avrxmega3\libm.a(fp_mpack.o)
                0x0000000000002ffa                __fp_mpack
                0x0000000000002ffe                __fp_mpack_finite

.text.CPUINT_Initialize
                0x0000000000003016       0x18
 .text.CPUINT_Initialize
                0x0000000000003016       0x18 build/default/production/mcc_generated_files/system/src/interrupt.o
                0x0000000000003016                CPUINT_Initialize

.text.USART0_printCHAR
                0x000000000000302e       0x18
 .text.USART0_printCHAR
                0x000000000000302e       0x18 build/default/production/mcc_generated_files/uart/src/usart0.o
                0x000000000000302e                USART0_printCHAR

.text.Init_PIT  0x0000000000003046       0x18
 .text.Init_PIT
                0x0000000000003046       0x18 build/default/production/main.o
                0x0000000000003046                Init_PIT

.text.BME280_ctrl_meas
                0x000000000000305e       0x18
 .text.BME280_ctrl_meas
                0x000000000000305e       0x18 build/default/production/bme280.o
                0x000000000000305e                BME280_ctrl_meas

.text.BME280_getTemperature
                0x0000000000003076       0x16
 .text.BME280_getTemperature
                0x0000000000003076       0x16 build/default/production/bme280.o
                0x0000000000003076                BME280_getTemperature

.text.BME280_getHumidity
                0x000000000000308c       0x16
 .text.BME280_getHumidity
                0x000000000000308c       0x16 build/default/production/bme280.o
                0x000000000000308c                BME280_getHumidity

.text.LR2_tx_buff_Pop
                0x00000000000030a2       0x16
 .text.LR2_tx_buff_Pop
                0x00000000000030a2       0x16 build/default/production/LR2_ringBuffer.o
                0x00000000000030a2                LR2_tx_buff_Pop

.text.TERM_tx_buff_Pop
                0x00000000000030b8       0x16
 .text.TERM_tx_buff_Pop
                0x00000000000030b8       0x16 build/default/production/TERM_ringBuffer.o
                0x00000000000030b8                TERM_tx_buff_Pop

.text.libgcc.mul
                0x00000000000030ce       0x16
 .text.libgcc.mul
                0x00000000000030ce       0x16 c:/program files/microchip/xc8/v2.32/avr/bin/../lib/gcc/avr/5.4.0/avrxmega3\libgcc.a(_muluhisi3.o)
                0x00000000000030ce                __muluhisi3

.text.avrlibc   0x00000000000030e4       0x16
 .text.avrlibc  0x00000000000030e4       0x16 c:/program files/microchip/xc8/v2.32/avr/bin/../lib/gcc/avr/5.4.0/../../../../avr/lib/avrxmega3\libc.a(strnlen_P.o)
                0x00000000000030e4                strnlen_P

.text.avrlibc   0x00000000000030fa       0x16
 .text.avrlibc  0x00000000000030fa       0x16 c:/program files/microchip/xc8/v2.32/avr/bin/../lib/gcc/avr/5.4.0/../../../../avr/lib/avrxmega3\libc.a(strnlen.o)
                0x00000000000030fa                strnlen

.text.configureTWIPins
                0x0000000000003110       0x10
 .text.configureTWIPins
                0x0000000000003110       0x10 build/default/production/TWI.o
                0x0000000000003110                configureTWIPins

.text.avrlibc.fplib
                0x0000000000003120       0x10
 .text.avrlibc.fplib
                0x0000000000003120       0x10 c:/program files/microchip/xc8/v2.32/avr/bin/../lib/gcc/avr/5.4.0/../../../../avr/lib/avrxmega3\libm.a(inverse.o)
                0x0000000000003120                inverse

.text.libgcc.mul
                0x0000000000003130       0x10
 .text.libgcc.mul
                0x0000000000003130       0x10 c:/program files/microchip/xc8/v2.32/avr/bin/../lib/gcc/avr/5.4.0/avrxmega3\libgcc.a(_mulshisi3.o)
                0x0000000000003130                __mulshisi3
                0x0000000000003136                __mulohisi3

.text.EVSYS_init
                0x0000000000003140        0xe
 .text.EVSYS_init
                0x0000000000003140        0xe build/default/production/main.o
                0x0000000000003140                EVSYS_init

.text.getMoistureMeasurement
                0x000000000000314e        0xe
 .text.getMoistureMeasurement
                0x000000000000314e        0xe build/default/production/state.o
                0x000000000000314e                getMoistureMeasurement

.text.avrlibc.fplib
                0x000000000000315c        0xe
 .text.avrlibc.fplib
                0x000000000000315c        0xe c:/program files/microchip/xc8/v2.32/avr/bin/../lib/gcc/avr/5.4.0/../../../../avr/lib/avrxmega3\libm.a(addsf3.o)
                0x000000000000315c                __subsf3
                0x000000000000315e                __addsf3

.text.avrlibc.fplib
                0x000000000000316a        0xe
 .text.avrlibc.fplib
                0x000000000000316a        0xe c:/program files/microchip/xc8/v2.32/avr/bin/../lib/gcc/avr/5.4.0/../../../../avr/lib/avrxmega3\libm.a(fixsfsi.o)
                0x000000000000316a                __fixsfsi

.text.avrlibc.fplib
                0x0000000000003178        0xe
 .text.avrlibc.fplib
                0x0000000000003178        0xe c:/program files/microchip/xc8/v2.32/avr/bin/../lib/gcc/avr/5.4.0/../../../../avr/lib/avrxmega3\libm.a(fp_pscA.o)
                0x0000000000003178                __fp_pscA

.text.avrlibc.fplib
                0x0000000000003186        0xe
 .text.avrlibc.fplib
                0x0000000000003186        0xe c:/program files/microchip/xc8/v2.32/avr/bin/../lib/gcc/avr/5.4.0/../../../../avr/lib/avrxmega3\libm.a(fp_pscB.o)
                0x0000000000003186                __fp_pscB

.text.avrlibc.fplib
                0x0000000000003194        0xe
 .text.avrlibc.fplib
                0x0000000000003194        0xe c:/program files/microchip/xc8/v2.32/avr/bin/../lib/gcc/avr/5.4.0/../../../../avr/lib/avrxmega3\libm.a(fp_zero.o)
                0x0000000000003194                __fp_zero
                0x0000000000003196                __fp_szero

.text.USART0_IsRxReady
                0x00000000000031a2        0xc
 .text.USART0_IsRxReady
                0x00000000000031a2        0xc build/default/production/mcc_generated_files/uart/src/usart0.o
                0x00000000000031a2                USART0_IsRxReady

.text.USART0_IsTxReady
                0x00000000000031ae        0xc
 .text.USART0_IsTxReady
                0x00000000000031ae        0xc build/default/production/mcc_generated_files/uart/src/usart0.o
                0x00000000000031ae                USART0_IsTxReady

.text.USART0_IsTxDone
                0x00000000000031ba        0xc
 .text.USART0_IsTxDone
                0x00000000000031ba        0xc build/default/production/mcc_generated_files/uart/src/usart0.o
                0x00000000000031ba                USART0_IsTxDone

.text.USART1_IsRxReady
                0x00000000000031c6        0xc
 .text.USART1_IsRxReady
                0x00000000000031c6        0xc build/default/production/mcc_generated_files/uart/src/usart1.o
                0x00000000000031c6                USART1_IsRxReady

.text.USART1_IsTxReady
                0x00000000000031d2        0xc
 .text.USART1_IsTxReady
                0x00000000000031d2        0xc build/default/production/mcc_generated_files/uart/src/usart1.o
                0x00000000000031d2                USART1_IsTxReady

.text.VREF_Initialize
                0x00000000000031de        0xc
 .text.VREF_Initialize
                0x00000000000031de        0xc build/default/production/mcc_generated_files/vref/src/vref.o
                0x00000000000031de                VREF_Initialize

.text.BUTTON_pressCallback
                0x00000000000031ea        0xc
 .text.BUTTON_pressCallback
                0x00000000000031ea        0xc build/default/production/state.o
                0x00000000000031ea                BUTTON_pressCallback

.text.LR2_tx_buff_Count
                0x00000000000031f6        0xc
 .text.LR2_tx_buff_Count
                0x00000000000031f6        0xc build/default/production/LR2_ringBuffer.o
                0x00000000000031f6                LR2_tx_buff_Count

.text.TERM_tx_buff_Count
                0x0000000000003202        0xc
 .text.TERM_tx_buff_Count
                0x0000000000003202        0xc build/default/production/TERM_ringBuffer.o
                0x0000000000003202                TERM_tx_buff_Count

.text.avrlibc.fplib
                0x000000000000320e        0xc
 .text.avrlibc.fplib
                0x000000000000320e        0xc c:/program files/microchip/xc8/v2.32/avr/bin/../lib/gcc/avr/5.4.0/../../../../avr/lib/avrxmega3\libm.a(fp_inf.o)
                0x000000000000320e                __fp_inf

.text.WeatherClick_readSensors
                0x000000000000321a        0xa
 .text.WeatherClick_readSensors
                0x000000000000321a        0xa build/default/production/state.o
                0x000000000000321a                WeatherClick_readSensors

.text.ADC0_IsConversionDone
                0x0000000000003224        0x8
 .text.ADC0_IsConversionDone
                0x0000000000003224        0x8 build/default/production/mcc_generated_files/adc/src/adc0.o
                0x0000000000003224                ADC0_IsConversionDone

.text.protected_write_io
                0x000000000000322c        0x8
 .text.protected_write_io
                0x000000000000322c        0x8 build/default/production/mcc_generated_files/system/src/protected_io.o
                0x000000000000322c                protected_write_io

.text.avrlibc.fplib
                0x0000000000003234        0x8
 .text.avrlibc.fplib
                0x0000000000003234        0x8 c:/program files/microchip/xc8/v2.32/avr/bin/../lib/gcc/avr/5.4.0/../../../../avr/lib/avrxmega3\libm.a(divsf3.o)
                0x0000000000003234                __divsf3

.text.avrlibc.fplib
                0x000000000000323c        0x8
 .text.avrlibc.fplib
                0x000000000000323c        0x8 c:/program files/microchip/xc8/v2.32/avr/bin/../lib/gcc/avr/5.4.0/../../../../avr/lib/avrxmega3\libm.a(mulsf3.o)
                0x000000000000323c                __mulsf3

.text.USART0_Read
                0x0000000000003244        0x6
 .text.USART0_Read
                0x0000000000003244        0x6 build/default/production/mcc_generated_files/uart/src/usart0.o
                0x0000000000003244                USART0_Read

.text.USART0_Write
                0x000000000000324a        0x6
 .text.USART0_Write
                0x000000000000324a        0x6 build/default/production/mcc_generated_files/uart/src/usart0.o
                0x000000000000324a                USART0_Write

.text.USART1_Read
                0x0000000000003250        0x6
 .text.USART1_Read
                0x0000000000003250        0x6 build/default/production/mcc_generated_files/uart/src/usart1.o
                0x0000000000003250                USART1_Read

.text.USART1_Write
                0x0000000000003256        0x6
 .text.USART1_Write
                0x0000000000003256        0x6 build/default/production/mcc_generated_files/uart/src/usart1.o
                0x0000000000003256                USART1_Write

.text.BME280_ctrl_hum
                0x000000000000325c        0x6
 .text.BME280_ctrl_hum
                0x000000000000325c        0x6 build/default/production/bme280.o
                0x000000000000325c                BME280_ctrl_hum

.text.LR2_config
                0x0000000000003262        0x6
 .text.LR2_config
                0x0000000000003262        0x6 build/default/production/lr2.o
                0x0000000000003262                LR2_config

.text.LR2_join  0x0000000000003268        0x6
 .text.LR2_join
                0x0000000000003268        0x6 build/default/production/lr2.o
                0x0000000000003268                LR2_join

.text.avrlibc.fplib
                0x000000000000326e        0x6
 .text.avrlibc.fplib
                0x000000000000326e        0x6 c:/program files/microchip/xc8/v2.32/avr/bin/../lib/gcc/avr/5.4.0/../../../../avr/lib/avrxmega3\libm.a(fp_nan.o)
                0x000000000000326e                __fp_nan

.text           0x0000000000003274        0x4
 .text          0x0000000000003274        0x4 C:/Users/C70348/.mchp_packs/Microchip/ATtiny_DFP/3.0.151/xc8/avr/lib/avrxmega3/crtattiny3226.o
                0x0000000000003274                __vector_28
                0x0000000000003274                __vector_1
                0x0000000000003274                __vector_12
                0x0000000000003274                __bad_interrupt
                0x0000000000003274                __vector_3
                0x0000000000003274                __vector_11
                0x0000000000003274                __vector_17
                0x0000000000003274                __vector_19
                0x0000000000003274                __vector_27
                0x0000000000003274                __vector_5
                0x0000000000003274                __vector_9
                0x0000000000003274                __vector_2
                0x0000000000003274                __vector_15
                0x0000000000003274                __vector_29
                0x0000000000003274                __vector_8
                0x0000000000003274                __vector_26
                0x0000000000003274                __vector_14
                0x0000000000003274                __vector_10
                0x0000000000003274                __vector_16
                0x0000000000003274                __vector_18
                0x0000000000003274                __vector_20

.text.PA7_DefaultInterruptHandler
                0x0000000000003278        0x2
 .text.PA7_DefaultInterruptHandler
                0x0000000000003278        0x2 build/default/production/mcc_generated_files/system/src/pins.o
                0x0000000000003278                PA7_DefaultInterruptHandler

.text.PA2_DefaultInterruptHandler
                0x000000000000327a        0x2
 .text.PA2_DefaultInterruptHandler
                0x000000000000327a        0x2 build/default/production/mcc_generated_files/system/src/pins.o
                0x000000000000327a                PA2_DefaultInterruptHandler

.text.PA1_DefaultInterruptHandler
                0x000000000000327c        0x2
 .text.PA1_DefaultInterruptHandler
                0x000000000000327c        0x2 build/default/production/mcc_generated_files/system/src/pins.o
                0x000000000000327c                PA1_DefaultInterruptHandler

.text.PB3_DefaultInterruptHandler
                0x000000000000327e        0x2
 .text.PB3_DefaultInterruptHandler
                0x000000000000327e        0x2 build/default/production/mcc_generated_files/system/src/pins.o
                0x000000000000327e                PB3_DefaultInterruptHandler

.text.PB2_DefaultInterruptHandler
                0x0000000000003280        0x2
 .text.PB2_DefaultInterruptHandler
                0x0000000000003280        0x2 build/default/production/mcc_generated_files/system/src/pins.o
                0x0000000000003280                PB2_DefaultInterruptHandler

.text.PC1_DefaultInterruptHandler
                0x0000000000003282        0x2
 .text.PC1_DefaultInterruptHandler
                0x0000000000003282        0x2 build/default/production/mcc_generated_files/system/src/pins.o
                0x0000000000003282                PC1_DefaultInterruptHandler

.text.PA3_DefaultInterruptHandler
                0x0000000000003284        0x2
 .text.PA3_DefaultInterruptHandler
                0x0000000000003284        0x2 build/default/production/mcc_generated_files/system/src/pins.o
                0x0000000000003284                PA3_DefaultInterruptHandler

.text.PB5_DefaultInterruptHandler
                0x0000000000003286        0x2
 .text.PB5_DefaultInterruptHandler
                0x0000000000003286        0x2 build/default/production/mcc_generated_files/system/src/pins.o
                0x0000000000003286                PB5_DefaultInterruptHandler

.text.PC0_DefaultInterruptHandler
                0x0000000000003288        0x2
 .text.PC0_DefaultInterruptHandler
                0x0000000000003288        0x2 build/default/production/mcc_generated_files/system/src/pins.o
                0x0000000000003288                PC0_DefaultInterruptHandler

.text.PC2_DefaultInterruptHandler
                0x000000000000328a        0x2
 .text.PC2_DefaultInterruptHandler
                0x000000000000328a        0x2 build/default/production/mcc_generated_files/system/src/pins.o
                0x000000000000328a                PC2_DefaultInterruptHandler

.text.PC3_DefaultInterruptHandler
                0x000000000000328c        0x2
 .text.PC3_DefaultInterruptHandler
                0x000000000000328c        0x2 build/default/production/mcc_generated_files/system/src/pins.o
                0x000000000000328c                PC3_DefaultInterruptHandler

.text.USART0_DefaultFramingErrorCallback
                0x000000000000328e        0x2
 .text.USART0_DefaultFramingErrorCallback
                0x000000000000328e        0x2 build/default/production/mcc_generated_files/uart/src/usart0.o

.text.USART0_DefaultOverrunErrorCallback
                0x0000000000003290        0x2
 .text.USART0_DefaultOverrunErrorCallback
                0x0000000000003290        0x2 build/default/production/mcc_generated_files/uart/src/usart0.o

.text.USART0_DefaultParityErrorCallback
                0x0000000000003292        0x2
 .text.USART0_DefaultParityErrorCallback
                0x0000000000003292        0x2 build/default/production/mcc_generated_files/uart/src/usart0.o

.text.USART1_DefaultFramingErrorCallback
                0x0000000000003294        0x2
 .text.USART1_DefaultFramingErrorCallback
                0x0000000000003294        0x2 build/default/production/mcc_generated_files/uart/src/usart1.o

.text.USART1_DefaultOverrunErrorCallback
                0x0000000000003296        0x2
 .text.USART1_DefaultOverrunErrorCallback
                0x0000000000003296        0x2 build/default/production/mcc_generated_files/uart/src/usart1.o

.text.USART1_DefaultParityErrorCallback
                0x0000000000003298        0x2
 .text.USART1_DefaultParityErrorCallback
                0x0000000000003298        0x2 build/default/production/mcc_generated_files/uart/src/usart1.o

.data.USART0_stream
                0x00000000008036b1        0xe load address 0x000000000000329a
 .data.USART0_stream
                0x00000000008036b1        0xe build/default/production/mcc_generated_files/uart/src/usart0.o
                0x00000000008036b1                USART0_stream
